[1.546s] Invoking command in '/home/fivejaewin/NILARM/src/nav_pkg': DEBUGINFOD_URLS=https://debuginfod.ubuntu.com PYTHONPATH=/home/fivejaewin/NILARM/build/nav_pkg/prefix_override:/usr/lib/python3/dist-packages/colcon_core/task/python/colcon_distutils_commands:/home/fivejaewin/NILARM/install/nav_pkg/lib/python3.12/site-packages:${PYTHONPATH} /usr/bin/python3 -W ignore:setup.py install is deprecated -W ignore:easy_install command is deprecated setup.py egg_info --egg-base ../../build/nav_pkg build --build-base /home/fivejaewin/NILARM/build/nav_pkg/build install --record /home/fivejaewin/NILARM/build/nav_pkg/install.log --install-scripts $base/lib/nav_pkg --single-version-externally-managed install_data
[1.837s] running egg_info
[1.837s] creating ../../build/nav_pkg/nav_pkg.egg-info
[1.856s] writing ../../build/nav_pkg/nav_pkg.egg-info/PKG-INFO
[1.857s] writing dependency_links to ../../build/nav_pkg/nav_pkg.egg-info/dependency_links.txt
[1.857s] writing requirements to ../../build/nav_pkg/nav_pkg.egg-info/requires.txt
[1.857s] writing top-level names to ../../build/nav_pkg/nav_pkg.egg-info/top_level.txt
[1.857s] writing manifest file '../../build/nav_pkg/nav_pkg.egg-info/SOURCES.txt'
[1.897s] reading manifest file '../../build/nav_pkg/nav_pkg.egg-info/SOURCES.txt'
[1.897s] writing manifest file '../../build/nav_pkg/nav_pkg.egg-info/SOURCES.txt'
[1.898s] running build
[1.898s] running build_py
[1.898s] creating /home/fivejaewin/NILARM/build/nav_pkg/build
[1.898s] creating /home/fivejaewin/NILARM/build/nav_pkg/build/lib
[1.898s] creating /home/fivejaewin/NILARM/build/nav_pkg/build/lib/nav_pkg
[1.899s] copying nav_pkg/__init__.py -> /home/fivejaewin/NILARM/build/nav_pkg/build/lib/nav_pkg
[1.899s] copying nav_pkg/drive_test.py -> /home/fivejaewin/NILARM/build/nav_pkg/build/lib/nav_pkg
[1.899s] running install
[1.906s] running install_lib
[1.926s] creating /home/fivejaewin/NILARM/install/nav_pkg/lib/python3.12/site-packages/nav_pkg
[1.926s] copying /home/fivejaewin/NILARM/build/nav_pkg/build/lib/nav_pkg/__init__.py -> /home/fivejaewin/NILARM/install/nav_pkg/lib/python3.12/site-packages/nav_pkg
[1.926s] copying /home/fivejaewin/NILARM/build/nav_pkg/build/lib/nav_pkg/drive_test.py -> /home/fivejaewin/NILARM/install/nav_pkg/lib/python3.12/site-packages/nav_pkg
[1.926s] byte-compiling /home/fivejaewin/NILARM/install/nav_pkg/lib/python3.12/site-packages/nav_pkg/__init__.py to __init__.cpython-312.pyc
[1.927s] byte-compiling /home/fivejaewin/NILARM/install/nav_pkg/lib/python3.12/site-packages/nav_pkg/drive_test.py to drive_test.cpython-312.pyc
[1.927s] running install_data
[1.927s] creating /home/fivejaewin/NILARM/install/nav_pkg/share/ament_index
[1.927s] creating /home/fivejaewin/NILARM/install/nav_pkg/share/ament_index/resource_index
[1.927s] creating /home/fivejaewin/NILARM/install/nav_pkg/share/ament_index/resource_index/packages
[1.928s] copying resource/nav_pkg -> /home/fivejaewin/NILARM/install/nav_pkg/share/ament_index/resource_index/packages
[1.928s] copying package.xml -> /home/fivejaewin/NILARM/install/nav_pkg/share/nav_pkg
[1.928s] running install_egg_info
[1.948s] Copying ../../build/nav_pkg/nav_pkg.egg-info to /home/fivejaewin/NILARM/install/nav_pkg/lib/python3.12/site-packages/nav_pkg-0.0.0-py3.12.egg-info
[1.949s] running install_scripts
[2.086s] writing list of installed files to '/home/fivejaewin/NILARM/build/nav_pkg/install.log'
[2.123s] Invoked command in '/home/fivejaewin/NILARM/src/nav_pkg' returned '0': DEBUGINFOD_URLS=https://debuginfod.ubuntu.com PYTHONPATH=/home/fivejaewin/NILARM/build/nav_pkg/prefix_override:/usr/lib/python3/dist-packages/colcon_core/task/python/colcon_distutils_commands:/home/fivejaewin/NILARM/install/nav_pkg/lib/python3.12/site-packages:${PYTHONPATH} /usr/bin/python3 -W ignore:setup.py install is deprecated -W ignore:easy_install command is deprecated setup.py egg_info --egg-base ../../build/nav_pkg build --build-base /home/fivejaewin/NILARM/build/nav_pkg/build install --record /home/fivejaewin/NILARM/build/nav_pkg/install.log --install-scripts $base/lib/nav_pkg --single-version-externally-managed install_data
