-- Found ament_cmake: 2.5.6 (/opt/ros/jazzy/share/ament_cmake/cmake)
-- Found Python3: /usr/bin/python3 (found version "3.12.3") found components: Interpreter 
-- Found rosidl_default_generators: 1.6.1 (/opt/ros/jazzy/share/rosidl_default_generators/cmake)
-- Using all available rosidl_typesupport_c: rosidl_typesupport_fastrtps_c;rosidl_typesupport_introspection_c
-- Using all available rosidl_typesupport_cpp: rosidl_typesupport_fastrtps_cpp;rosidl_typesupport_introspection_cpp
-- Found rosidl_adapter: 4.6.9 (/opt/ros/jazzy/share/rosidl_adapter/cmake)
-- Found ament_cmake_ros: 0.12.1 (/opt/ros/jazzy/share/ament_cmake_ros/cmake)
-- Using all available rosidl_typesupport_c: rosidl_typesupport_fastrtps_c;rosidl_typesupport_introspection_c
-- Using all available rosidl_typesupport_cpp: rosidl_typesupport_fastrtps_cpp;rosidl_typesupport_introspection_cpp
-- Found python_cmake_module: 0.11.1 (/opt/ros/jazzy/share/python_cmake_module/cmake)
-- Found PythonExtra: /usr/bin/python3  
-- Found Python3: /usr/bin/python3 (found version "3.12.3") found components: Interpreter Development NumPy Development.Module Development.Embed 
-- Found Python3: /usr/bin/python3 (found version "3.12.3") found components: Interpreter 
-- Configuring done (4.1s)
-- Generating done (0.0s)
-- Build files have been written to: /home/fivejaewin/NILARM/build/interfaces_pkg
[  2%] [34m[1mGenerating type hashes for ROS interfaces[0m
[  2%] [34m[1mGenerating Rust code for ROS interfaces[0m
[  2%] Built target ament_cmake_python_copy_interfaces_pkg
running egg_info
creating interfaces_pkg.egg-info
writing interfaces_pkg.egg-info/PKG-INFO
writing dependency_links to interfaces_pkg.egg-info/dependency_links.txt
writing top-level names to interfaces_pkg.egg-info/top_level.txt
writing manifest file 'interfaces_pkg.egg-info/SOURCES.txt'
reading manifest file 'interfaces_pkg.egg-info/SOURCES.txt'
writing manifest file 'interfaces_pkg.egg-info/SOURCES.txt'
[  2%] Built target ament_cmake_python_build_interfaces_pkg_egg
[  2%] Built target interfaces_pkg__rosidl_generator_type_description
[  4%] [34m[1mGenerating C code for ROS interfaces[0m
[  5%] [34m[1mGenerating C++ code for ROS interfaces[0m
[  5%] Built target interfaces_pkg__rs
[  5%] Built target interfaces_pkg__cpp
[  6%] [32mBuilding C object CMakeFiles/interfaces_pkg__rosidl_generator_c.dir/rosidl_generator_c/interfaces_pkg/msg/detail/fruit_detection__description.c.o[0m
[  8%] [32mBuilding C object CMakeFiles/interfaces_pkg__rosidl_generator_c.dir/rosidl_generator_c/interfaces_pkg/msg/detail/fruit_detection__functions.c.o[0m
[  9%] [32mBuilding C object CMakeFiles/interfaces_pkg__rosidl_generator_c.dir/rosidl_generator_c/interfaces_pkg/msg/detail/fruit_detection__type_support.c.o[0m
[ 13%] [32mBuilding C object CMakeFiles/interfaces_pkg__rosidl_generator_c.dir/rosidl_generator_c/interfaces_pkg/msg/detail/basket_status__description.c.o[0m
[ 13%] [32mBuilding C object CMakeFiles/interfaces_pkg__rosidl_generator_c.dir/rosidl_generator_c/interfaces_pkg/msg/detail/basket_status__type_support.c.o[0m
[ 13%] [32mBuilding C object CMakeFiles/interfaces_pkg__rosidl_generator_c.dir/rosidl_generator_c/interfaces_pkg/msg/detail/basket_status__functions.c.o[0m
[ 14%] [32mBuilding C object CMakeFiles/interfaces_pkg__rosidl_generator_c.dir/rosidl_generator_c/interfaces_pkg/msg/detail/mission_state__description.c.o[0m
[ 16%] [32mBuilding C object CMakeFiles/interfaces_pkg__rosidl_generator_c.dir/rosidl_generator_c/interfaces_pkg/msg/detail/mission_state__type_support.c.o[0m
[ 17%] [32mBuilding C object CMakeFiles/interfaces_pkg__rosidl_generator_c.dir/rosidl_generator_c/interfaces_pkg/msg/detail/mission_state__functions.c.o[0m
[ 18%] [32mBuilding C object CMakeFiles/interfaces_pkg__rosidl_generator_c.dir/rosidl_generator_c/interfaces_pkg/action/detail/harvest__functions.c.o[0m
[ 20%] [32mBuilding C object CMakeFiles/interfaces_pkg__rosidl_generator_c.dir/rosidl_generator_c/interfaces_pkg/action/detail/harvest__description.c.o[0m
[ 21%] [32mBuilding C object CMakeFiles/interfaces_pkg__rosidl_generator_c.dir/rosidl_generator_c/interfaces_pkg/action/detail/harvest__type_support.c.o[0m
[ 22%] [32mBuilding C object CMakeFiles/interfaces_pkg__rosidl_generator_c.dir/rosidl_generator_c/interfaces_pkg/action/detail/dump_basket__description.c.o[0m
[ 24%] [32mBuilding C object CMakeFiles/interfaces_pkg__rosidl_generator_c.dir/rosidl_generator_c/interfaces_pkg/action/detail/dump_basket__type_support.c.o[0m
[ 25%] [32mBuilding C object CMakeFiles/interfaces_pkg__rosidl_generator_c.dir/rosidl_generator_c/interfaces_pkg/action/detail/dump_basket__functions.c.o[0m
[ 26%] [32m[1mLinking C shared library libinterfaces_pkg__rosidl_generator_c.so[0m
[ 26%] Built target interfaces_pkg__rosidl_generator_c
[ 28%] [34m[1mGenerating C++ introspection for ROS interfaces[0m
[ 29%] [34m[1mGenerating C++ type support dispatch for ROS interfaces[0m
[ 33%] [34m[1mGenerating C type support for eProsima Fast-RTPS[0m
[ 33%] [34m[1mGenerating C type support dispatch for ROS interfaces[0m
[ 33%] [34m[1mGenerating C introspection for ROS interfaces[0m
[ 34%] [34m[1mGenerating C++ type support for eProsima Fast-RTPS[0m
[ 37%] [32mBuilding CXX object CMakeFiles/interfaces_pkg__rosidl_typesupport_c.dir/rosidl_typesupport_c/interfaces_pkg/action/harvest__type_support.cpp.o[0m
[ 37%] [32mBuilding CXX object CMakeFiles/interfaces_pkg__rosidl_typesupport_c.dir/rosidl_typesupport_c/interfaces_pkg/msg/basket_status__type_support.cpp.o[0m
[ 38%] [32mBuilding CXX object CMakeFiles/interfaces_pkg__rosidl_typesupport_c.dir/rosidl_typesupport_c/interfaces_pkg/msg/fruit_detection__type_support.cpp.o[0m
[ 40%] [32mBuilding CXX object CMakeFiles/interfaces_pkg__rosidl_typesupport_c.dir/rosidl_typesupport_c/interfaces_pkg/msg/mission_state__type_support.cpp.o[0m
[ 41%] [32mBuilding CXX object CMakeFiles/interfaces_pkg__rosidl_typesupport_c.dir/rosidl_typesupport_c/interfaces_pkg/action/dump_basket__type_support.cpp.o[0m
[ 44%] [32mBuilding CXX object CMakeFiles/interfaces_pkg__rosidl_typesupport_cpp.dir/rosidl_typesupport_cpp/interfaces_pkg/msg/basket_status__type_support.cpp.o[0m
[ 44%] [32mBuilding CXX object CMakeFiles/interfaces_pkg__rosidl_typesupport_cpp.dir/rosidl_typesupport_cpp/interfaces_pkg/msg/fruit_detection__type_support.cpp.o[0m
[ 45%] [32mBuilding CXX object CMakeFiles/interfaces_pkg__rosidl_typesupport_cpp.dir/rosidl_typesupport_cpp/interfaces_pkg/msg/mission_state__type_support.cpp.o[0m
[ 46%] [32mBuilding CXX object CMakeFiles/interfaces_pkg__rosidl_typesupport_cpp.dir/rosidl_typesupport_cpp/interfaces_pkg/action/harvest__type_support.cpp.o[0m
[ 48%] [32mBuilding CXX object CMakeFiles/interfaces_pkg__rosidl_typesupport_cpp.dir/rosidl_typesupport_cpp/interfaces_pkg/action/dump_basket__type_support.cpp.o[0m
[ 49%] [32m[1mLinking CXX shared library libinterfaces_pkg__rosidl_typesupport_c.so[0m
[ 49%] Built target interfaces_pkg__rosidl_typesupport_c
[ 52%] [32mBuilding CXX object CMakeFiles/interfaces_pkg__rosidl_typesupport_introspection_cpp.dir/rosidl_typesupport_introspection_cpp/interfaces_pkg/msg/detail/basket_status__type_support.cpp.o[0m
[ 52%] [32mBuilding CXX object CMakeFiles/interfaces_pkg__rosidl_typesupport_introspection_cpp.dir/rosidl_typesupport_introspection_cpp/interfaces_pkg/msg/detail/fruit_detection__type_support.cpp.o[0m
[ 53%] [32mBuilding CXX object CMakeFiles/interfaces_pkg__rosidl_typesupport_introspection_cpp.dir/rosidl_typesupport_introspection_cpp/interfaces_pkg/action/detail/harvest__type_support.cpp.o[0m
[ 54%] [32mBuilding CXX object CMakeFiles/interfaces_pkg__rosidl_typesupport_introspection_cpp.dir/rosidl_typesupport_introspection_cpp/interfaces_pkg/msg/detail/mission_state__type_support.cpp.o[0m
[ 56%] [32mBuilding C object CMakeFiles/interfaces_pkg__rosidl_typesupport_introspection_c.dir/rosidl_typesupport_introspection_c/interfaces_pkg/msg/detail/fruit_detection__type_support.c.o[0m
[ 57%] [32mBuilding C object CMakeFiles/interfaces_pkg__rosidl_typesupport_introspection_c.dir/rosidl_typesupport_introspection_c/interfaces_pkg/msg/detail/basket_status__type_support.c.o[0m
[ 58%] [32mBuilding C object CMakeFiles/interfaces_pkg__rosidl_typesupport_introspection_c.dir/rosidl_typesupport_introspection_c/interfaces_pkg/msg/detail/mission_state__type_support.c.o[0m
[ 60%] [32mBuilding CXX object CMakeFiles/interfaces_pkg__rosidl_typesupport_introspection_cpp.dir/rosidl_typesupport_introspection_cpp/interfaces_pkg/action/detail/dump_basket__type_support.cpp.o[0m
[ 61%] [32mBuilding C object CMakeFiles/interfaces_pkg__rosidl_typesupport_introspection_c.dir/rosidl_typesupport_introspection_c/interfaces_pkg/action/detail/harvest__type_support.c.o[0m
[ 62%] [32mBuilding C object CMakeFiles/interfaces_pkg__rosidl_typesupport_introspection_c.dir/rosidl_typesupport_introspection_c/interfaces_pkg/action/detail/dump_basket__type_support.c.o[0m
[ 64%] [32mBuilding CXX object CMakeFiles/interfaces_pkg__rosidl_typesupport_fastrtps_cpp.dir/rosidl_typesupport_fastrtps_cpp/interfaces_pkg/msg/detail/dds_fastrtps/fruit_detection__type_support.cpp.o[0m
[ 65%] [32mBuilding CXX object CMakeFiles/interfaces_pkg__rosidl_typesupport_fastrtps_cpp.dir/rosidl_typesupport_fastrtps_cpp/interfaces_pkg/msg/detail/dds_fastrtps/basket_status__type_support.cpp.o[0m
[ 66%] [32mBuilding CXX object CMakeFiles/interfaces_pkg__rosidl_typesupport_fastrtps_cpp.dir/rosidl_typesupport_fastrtps_cpp/interfaces_pkg/msg/detail/dds_fastrtps/mission_state__type_support.cpp.o[0m
[ 68%] [32m[1mLinking C shared library libinterfaces_pkg__rosidl_typesupport_introspection_c.so[0m
[ 69%] [32mBuilding CXX object CMakeFiles/interfaces_pkg__rosidl_typesupport_fastrtps_cpp.dir/rosidl_typesupport_fastrtps_cpp/interfaces_pkg/action/detail/dds_fastrtps/harvest__type_support.cpp.o[0m
[ 70%] [32mBuilding CXX object CMakeFiles/interfaces_pkg__rosidl_typesupport_fastrtps_cpp.dir/rosidl_typesupport_fastrtps_cpp/interfaces_pkg/action/detail/dds_fastrtps/dump_basket__type_support.cpp.o[0m
[ 70%] Built target interfaces_pkg__rosidl_typesupport_introspection_c
[ 72%] [32mBuilding CXX object CMakeFiles/interfaces_pkg__rosidl_typesupport_fastrtps_c.dir/rosidl_typesupport_fastrtps_c/interfaces_pkg/msg/detail/fruit_detection__type_support_c.cpp.o[0m
[ 73%] [32mBuilding CXX object CMakeFiles/interfaces_pkg__rosidl_typesupport_fastrtps_c.dir/rosidl_typesupport_fastrtps_c/interfaces_pkg/msg/detail/mission_state__type_support_c.cpp.o[0m
[ 74%] [32mBuilding CXX object CMakeFiles/interfaces_pkg__rosidl_typesupport_fastrtps_c.dir/rosidl_typesupport_fastrtps_c/interfaces_pkg/msg/detail/basket_status__type_support_c.cpp.o[0m
[ 76%] [32mBuilding CXX object CMakeFiles/interfaces_pkg__rosidl_typesupport_fastrtps_c.dir/rosidl_typesupport_fastrtps_c/interfaces_pkg/action/detail/harvest__type_support_c.cpp.o[0m
[ 77%] [32m[1mLinking CXX shared library libinterfaces_pkg__rosidl_typesupport_cpp.so[0m
[ 77%] Built target interfaces_pkg__rosidl_typesupport_cpp
[ 78%] [32mBuilding CXX object CMakeFiles/interfaces_pkg__rosidl_typesupport_fastrtps_c.dir/rosidl_typesupport_fastrtps_c/interfaces_pkg/action/detail/dump_basket__type_support_c.cpp.o[0m
[ 80%] [32m[1mLinking CXX shared library libinterfaces_pkg__rosidl_typesupport_introspection_cpp.so[0m
[ 80%] Built target interfaces_pkg__rosidl_typesupport_introspection_cpp
[ 81%] [32m[1mLinking CXX shared library libinterfaces_pkg__rosidl_typesupport_fastrtps_cpp.so[0m
[ 82%] [32m[1mLinking CXX shared library libinterfaces_pkg__rosidl_typesupport_fastrtps_c.so[0m
[ 82%] Built target interfaces_pkg__rosidl_typesupport_fastrtps_cpp
[ 82%] Built target interfaces_pkg__rosidl_typesupport_fastrtps_c
[ 82%] Built target interfaces_pkg
[ 84%] [34m[1mGenerating Python code for ROS interfaces[0m
[ 84%] Built target interfaces_pkg__py
[ 85%] [32mBuilding C object CMakeFiles/interfaces_pkg__rosidl_generator_py.dir/rosidl_generator_py/interfaces_pkg/msg/_basket_status_s.c.o[0m
[ 86%] [32mBuilding C object CMakeFiles/interfaces_pkg__rosidl_generator_py.dir/rosidl_generator_py/interfaces_pkg/msg/_fruit_detection_s.c.o[0m
[ 88%] [32mBuilding C object CMakeFiles/interfaces_pkg__rosidl_generator_py.dir/rosidl_generator_py/interfaces_pkg/msg/_mission_state_s.c.o[0m
[ 89%] [32mBuilding C object CMakeFiles/interfaces_pkg__rosidl_generator_py.dir/rosidl_generator_py/interfaces_pkg/action/_harvest_s.c.o[0m
[ 90%] [32mBuilding C object CMakeFiles/interfaces_pkg__rosidl_generator_py.dir/rosidl_generator_py/interfaces_pkg/action/_dump_basket_s.c.o[0m
[ 92%] [32m[1mLinking C shared library libinterfaces_pkg__rosidl_generator_py.so[0m
[ 92%] Built target interfaces_pkg__rosidl_generator_py
[ 93%] [32mBuilding C object CMakeFiles/interfaces_pkg_s__rosidl_typesupport_fastrtps_c.dir/rosidl_generator_py/interfaces_pkg/_interfaces_pkg_s.ep.rosidl_typesupport_fastrtps_c.c.o[0m
[ 96%] [32mBuilding C object CMakeFiles/interfaces_pkg_s__rosidl_typesupport_c.dir/rosidl_generator_py/interfaces_pkg/_interfaces_pkg_s.ep.rosidl_typesupport_c.c.o[0m
[ 96%] [32mBuilding C object CMakeFiles/interfaces_pkg_s__rosidl_typesupport_introspection_c.dir/rosidl_generator_py/interfaces_pkg/_interfaces_pkg_s.ep.rosidl_typesupport_introspection_c.c.o[0m
[ 97%] [32m[1mLinking C shared module rosidl_generator_py/interfaces_pkg/interfaces_pkg_s__rosidl_typesupport_c.so[0m
[ 98%] [32m[1mLinking C shared module rosidl_generator_py/interfaces_pkg/interfaces_pkg_s__rosidl_typesupport_fastrtps_c.so[0m
[ 98%] Built target interfaces_pkg_s__rosidl_typesupport_c
[100%] [32m[1mLinking C shared module rosidl_generator_py/interfaces_pkg/interfaces_pkg_s__rosidl_typesupport_introspection_c.so[0m
[100%] Built target interfaces_pkg_s__rosidl_typesupport_fastrtps_c
[100%] Built target interfaces_pkg_s__rosidl_typesupport_introspection_c
-- Install configuration: ""
-- Installing: /home/fivejaewin/NILARM/install/interfaces_pkg/share/ament_index/resource_index/rosidl_interfaces/interfaces_pkg
-- Installing: /home/fivejaewin/NILARM/install/interfaces_pkg/share/interfaces_pkg/msg/FruitDetection.json
-- Installing: /home/fivejaewin/NILARM/install/interfaces_pkg/share/interfaces_pkg/msg/BasketStatus.json
-- Installing: /home/fivejaewin/NILARM/install/interfaces_pkg/share/interfaces_pkg/msg/MissionState.json
-- Installing: /home/fivejaewin/NILARM/install/interfaces_pkg/share/interfaces_pkg/action/Harvest.json
-- Installing: /home/fivejaewin/NILARM/install/interfaces_pkg/share/interfaces_pkg/action/DumpBasket.json
-- Installing: /home/fivejaewin/NILARM/install/interfaces_pkg/include/interfaces_pkg/interfaces_pkg
-- Installing: /home/fivejaewin/NILARM/install/interfaces_pkg/include/interfaces_pkg/interfaces_pkg/msg
-- Installing: /home/fivejaewin/NILARM/install/interfaces_pkg/include/interfaces_pkg/interfaces_pkg/msg/detail
-- Installing: /home/fivejaewin/NILARM/install/interfaces_pkg/include/interfaces_pkg/interfaces_pkg/msg/detail/basket_status__functions.c
-- Installing: /home/fivejaewin/NILARM/install/interfaces_pkg/include/interfaces_pkg/interfaces_pkg/msg/detail/mission_state__description.c
-- Installing: /home/fivejaewin/NILARM/install/interfaces_pkg/include/interfaces_pkg/interfaces_pkg/msg/detail/mission_state__struct.h
-- Installing: /home/fivejaewin/NILARM/install/interfaces_pkg/include/interfaces_pkg/interfaces_pkg/msg/detail/mission_state__type_support.h
-- Installing: /home/fivejaewin/NILARM/install/interfaces_pkg/include/interfaces_pkg/interfaces_pkg/msg/detail/fruit_detection__struct.h
-- Installing: /home/fivejaewin/NILARM/install/interfaces_pkg/include/interfaces_pkg/interfaces_pkg/msg/detail/basket_status__type_support.c
-- Installing: /home/fivejaewin/NILARM/install/interfaces_pkg/include/interfaces_pkg/interfaces_pkg/msg/detail/basket_status__description.c
-- Installing: /home/fivejaewin/NILARM/install/interfaces_pkg/include/interfaces_pkg/interfaces_pkg/msg/detail/mission_state__type_support.c
-- Installing: /home/fivejaewin/NILARM/install/interfaces_pkg/include/interfaces_pkg/interfaces_pkg/msg/detail/basket_status__functions.h
-- Installing: /home/fivejaewin/NILARM/install/interfaces_pkg/include/interfaces_pkg/interfaces_pkg/msg/detail/basket_status__struct.h
-- Installing: /home/fivejaewin/NILARM/install/interfaces_pkg/include/interfaces_pkg/interfaces_pkg/msg/detail/mission_state__functions.c
-- Installing: /home/fivejaewin/NILARM/install/interfaces_pkg/include/interfaces_pkg/interfaces_pkg/msg/detail/mission_state__functions.h
-- Installing: /home/fivejaewin/NILARM/install/interfaces_pkg/include/interfaces_pkg/interfaces_pkg/msg/detail/fruit_detection__description.c
-- Installing: /home/fivejaewin/NILARM/install/interfaces_pkg/include/interfaces_pkg/interfaces_pkg/msg/detail/basket_status__type_support.h
-- Installing: /home/fivejaewin/NILARM/install/interfaces_pkg/include/interfaces_pkg/interfaces_pkg/msg/detail/fruit_detection__functions.h
-- Installing: /home/fivejaewin/NILARM/install/interfaces_pkg/include/interfaces_pkg/interfaces_pkg/msg/detail/fruit_detection__type_support.c
-- Installing: /home/fivejaewin/NILARM/install/interfaces_pkg/include/interfaces_pkg/interfaces_pkg/msg/detail/fruit_detection__functions.c
-- Installing: /home/fivejaewin/NILARM/install/interfaces_pkg/include/interfaces_pkg/interfaces_pkg/msg/detail/fruit_detection__type_support.h
-- Installing: /home/fivejaewin/NILARM/install/interfaces_pkg/include/interfaces_pkg/interfaces_pkg/msg/fruit_detection.h
-- Installing: /home/fivejaewin/NILARM/install/interfaces_pkg/include/interfaces_pkg/interfaces_pkg/msg/mission_state.h
-- Installing: /home/fivejaewin/NILARM/install/interfaces_pkg/include/interfaces_pkg/interfaces_pkg/msg/basket_status.h
-- Installing: /home/fivejaewin/NILARM/install/interfaces_pkg/include/interfaces_pkg/interfaces_pkg/msg/rosidl_generator_c__visibility_control.h
-- Installing: /home/fivejaewin/NILARM/install/interfaces_pkg/include/interfaces_pkg/interfaces_pkg/action
-- Installing: /home/fivejaewin/NILARM/install/interfaces_pkg/include/interfaces_pkg/interfaces_pkg/action/harvest.h
-- Installing: /home/fivejaewin/NILARM/install/interfaces_pkg/include/interfaces_pkg/interfaces_pkg/action/detail
-- Installing: /home/fivejaewin/NILARM/install/interfaces_pkg/include/interfaces_pkg/interfaces_pkg/action/detail/harvest__struct.h
-- Installing: /home/fivejaewin/NILARM/install/interfaces_pkg/include/interfaces_pkg/interfaces_pkg/action/detail/dump_basket__functions.c
-- Installing: /home/fivejaewin/NILARM/install/interfaces_pkg/include/interfaces_pkg/interfaces_pkg/action/detail/harvest__functions.c
-- Installing: /home/fivejaewin/NILARM/install/interfaces_pkg/include/interfaces_pkg/interfaces_pkg/action/detail/harvest__type_support.h
-- Installing: /home/fivejaewin/NILARM/install/interfaces_pkg/include/interfaces_pkg/interfaces_pkg/action/detail/dump_basket__type_support.c
-- Installing: /home/fivejaewin/NILARM/install/interfaces_pkg/include/interfaces_pkg/interfaces_pkg/action/detail/dump_basket__struct.h
-- Installing: /home/fivejaewin/NILARM/install/interfaces_pkg/include/interfaces_pkg/interfaces_pkg/action/detail/dump_basket__type_support.h
-- Installing: /home/fivejaewin/NILARM/install/interfaces_pkg/include/interfaces_pkg/interfaces_pkg/action/detail/dump_basket__description.c
-- Installing: /home/fivejaewin/NILARM/install/interfaces_pkg/include/interfaces_pkg/interfaces_pkg/action/detail/harvest__functions.h
-- Installing: /home/fivejaewin/NILARM/install/interfaces_pkg/include/interfaces_pkg/interfaces_pkg/action/detail/dump_basket__functions.h
-- Installing: /home/fivejaewin/NILARM/install/interfaces_pkg/include/interfaces_pkg/interfaces_pkg/action/detail/harvest__description.c
-- Installing: /home/fivejaewin/NILARM/install/interfaces_pkg/include/interfaces_pkg/interfaces_pkg/action/detail/harvest__type_support.c
-- Installing: /home/fivejaewin/NILARM/install/interfaces_pkg/include/interfaces_pkg/interfaces_pkg/action/dump_basket.h
-- Installing: /home/fivejaewin/NILARM/install/interfaces_pkg/share/interfaces_pkg/environment/library_path.sh
-- Installing: /home/fivejaewin/NILARM/install/interfaces_pkg/share/interfaces_pkg/environment/library_path.dsv
-- Installing: /home/fivejaewin/NILARM/install/interfaces_pkg/lib/libinterfaces_pkg__rosidl_generator_c.so
-- Set non-toolchain portion of runtime path of "/home/fivejaewin/NILARM/install/interfaces_pkg/lib/libinterfaces_pkg__rosidl_generator_c.so" to ""
-- Up-to-date: /home/fivejaewin/NILARM/install/interfaces_pkg/include/interfaces_pkg/interfaces_pkg
-- Up-to-date: /home/fivejaewin/NILARM/install/interfaces_pkg/include/interfaces_pkg/interfaces_pkg/msg
-- Up-to-date: /home/fivejaewin/NILARM/install/interfaces_pkg/include/interfaces_pkg/interfaces_pkg/msg/detail
-- Installing: /home/fivejaewin/NILARM/install/interfaces_pkg/include/interfaces_pkg/interfaces_pkg/msg/detail/basket_status__rosidl_typesupport_fastrtps_c.h
-- Installing: /home/fivejaewin/NILARM/install/interfaces_pkg/include/interfaces_pkg/interfaces_pkg/msg/detail/fruit_detection__rosidl_typesupport_fastrtps_c.h
-- Installing: /home/fivejaewin/NILARM/install/interfaces_pkg/include/interfaces_pkg/interfaces_pkg/msg/detail/mission_state__rosidl_typesupport_fastrtps_c.h
-- Installing: /home/fivejaewin/NILARM/install/interfaces_pkg/include/interfaces_pkg/interfaces_pkg/msg/rosidl_typesupport_fastrtps_c__visibility_control.h
-- Up-to-date: /home/fivejaewin/NILARM/install/interfaces_pkg/include/interfaces_pkg/interfaces_pkg/action
-- Up-to-date: /home/fivejaewin/NILARM/install/interfaces_pkg/include/interfaces_pkg/interfaces_pkg/action/detail
-- Installing: /home/fivejaewin/NILARM/install/interfaces_pkg/include/interfaces_pkg/interfaces_pkg/action/detail/dump_basket__rosidl_typesupport_fastrtps_c.h
-- Installing: /home/fivejaewin/NILARM/install/interfaces_pkg/include/interfaces_pkg/interfaces_pkg/action/detail/harvest__rosidl_typesupport_fastrtps_c.h
-- Installing: /home/fivejaewin/NILARM/install/interfaces_pkg/lib/libinterfaces_pkg__rosidl_typesupport_fastrtps_c.so
-- Set non-toolchain portion of runtime path of "/home/fivejaewin/NILARM/install/interfaces_pkg/lib/libinterfaces_pkg__rosidl_typesupport_fastrtps_c.so" to ""
-- Up-to-date: /home/fivejaewin/NILARM/install/interfaces_pkg/include/interfaces_pkg/interfaces_pkg
-- Up-to-date: /home/fivejaewin/NILARM/install/interfaces_pkg/include/interfaces_pkg/interfaces_pkg/msg
-- Up-to-date: /home/fivejaewin/NILARM/install/interfaces_pkg/include/interfaces_pkg/interfaces_pkg/msg/detail
-- Installing: /home/fivejaewin/NILARM/install/interfaces_pkg/include/interfaces_pkg/interfaces_pkg/msg/detail/basket_status__type_support.c
-- Installing: /home/fivejaewin/NILARM/install/interfaces_pkg/include/interfaces_pkg/interfaces_pkg/msg/detail/mission_state__type_support.c
-- Installing: /home/fivejaewin/NILARM/install/interfaces_pkg/include/interfaces_pkg/interfaces_pkg/msg/detail/basket_status__rosidl_typesupport_introspection_c.h
-- Installing: /home/fivejaewin/NILARM/install/interfaces_pkg/include/interfaces_pkg/interfaces_pkg/msg/detail/fruit_detection__type_support.c
-- Installing: /home/fivejaewin/NILARM/install/interfaces_pkg/include/interfaces_pkg/interfaces_pkg/msg/detail/fruit_detection__rosidl_typesupport_introspection_c.h
-- Installing: /home/fivejaewin/NILARM/install/interfaces_pkg/include/interfaces_pkg/interfaces_pkg/msg/detail/mission_state__rosidl_typesupport_introspection_c.h
-- Installing: /home/fivejaewin/NILARM/install/interfaces_pkg/include/interfaces_pkg/interfaces_pkg/msg/rosidl_typesupport_introspection_c__visibility_control.h
-- Up-to-date: /home/fivejaewin/NILARM/install/interfaces_pkg/include/interfaces_pkg/interfaces_pkg/action
-- Up-to-date: /home/fivejaewin/NILARM/install/interfaces_pkg/include/interfaces_pkg/interfaces_pkg/action/detail
-- Installing: /home/fivejaewin/NILARM/install/interfaces_pkg/include/interfaces_pkg/interfaces_pkg/action/detail/harvest__rosidl_typesupport_introspection_c.h
-- Installing: /home/fivejaewin/NILARM/install/interfaces_pkg/include/interfaces_pkg/interfaces_pkg/action/detail/dump_basket__type_support.c
-- Installing: /home/fivejaewin/NILARM/install/interfaces_pkg/include/interfaces_pkg/interfaces_pkg/action/detail/dump_basket__rosidl_typesupport_introspection_c.h
-- Installing: /home/fivejaewin/NILARM/install/interfaces_pkg/include/interfaces_pkg/interfaces_pkg/action/detail/harvest__type_support.c
-- Installing: /home/fivejaewin/NILARM/install/interfaces_pkg/lib/libinterfaces_pkg__rosidl_typesupport_introspection_c.so
-- Set non-toolchain portion of runtime path of "/home/fivejaewin/NILARM/install/interfaces_pkg/lib/libinterfaces_pkg__rosidl_typesupport_introspection_c.so" to ""
-- Installing: /home/fivejaewin/NILARM/install/interfaces_pkg/lib/libinterfaces_pkg__rosidl_typesupport_c.so
-- Set non-toolchain portion of runtime path of "/home/fivejaewin/NILARM/install/interfaces_pkg/lib/libinterfaces_pkg__rosidl_typesupport_c.so" to ""
-- Up-to-date: /home/fivejaewin/NILARM/install/interfaces_pkg/include/interfaces_pkg/interfaces_pkg
-- Up-to-date: /home/fivejaewin/NILARM/install/interfaces_pkg/include/interfaces_pkg/interfaces_pkg/msg
-- Up-to-date: /home/fivejaewin/NILARM/install/interfaces_pkg/include/interfaces_pkg/interfaces_pkg/msg/detail
-- Installing: /home/fivejaewin/NILARM/install/interfaces_pkg/include/interfaces_pkg/interfaces_pkg/msg/detail/basket_status__builder.hpp
-- Installing: /home/fivejaewin/NILARM/install/interfaces_pkg/include/interfaces_pkg/interfaces_pkg/msg/detail/fruit_detection__type_support.hpp
-- Installing: /home/fivejaewin/NILARM/install/interfaces_pkg/include/interfaces_pkg/interfaces_pkg/msg/detail/fruit_detection__traits.hpp
-- Installing: /home/fivejaewin/NILARM/install/interfaces_pkg/include/interfaces_pkg/interfaces_pkg/msg/detail/mission_state__type_support.hpp
-- Installing: /home/fivejaewin/NILARM/install/interfaces_pkg/include/interfaces_pkg/interfaces_pkg/msg/detail/mission_state__builder.hpp
-- Installing: /home/fivejaewin/NILARM/install/interfaces_pkg/include/interfaces_pkg/interfaces_pkg/msg/detail/mission_state__struct.hpp
-- Installing: /home/fivejaewin/NILARM/install/interfaces_pkg/include/interfaces_pkg/interfaces_pkg/msg/detail/fruit_detection__builder.hpp
-- Installing: /home/fivejaewin/NILARM/install/interfaces_pkg/include/interfaces_pkg/interfaces_pkg/msg/detail/fruit_detection__struct.hpp
-- Installing: /home/fivejaewin/NILARM/install/interfaces_pkg/include/interfaces_pkg/interfaces_pkg/msg/detail/basket_status__struct.hpp
-- Installing: /home/fivejaewin/NILARM/install/interfaces_pkg/include/interfaces_pkg/interfaces_pkg/msg/detail/basket_status__traits.hpp
-- Installing: /home/fivejaewin/NILARM/install/interfaces_pkg/include/interfaces_pkg/interfaces_pkg/msg/detail/basket_status__type_support.hpp
-- Installing: /home/fivejaewin/NILARM/install/interfaces_pkg/include/interfaces_pkg/interfaces_pkg/msg/detail/mission_state__traits.hpp
-- Installing: /home/fivejaewin/NILARM/install/interfaces_pkg/include/interfaces_pkg/interfaces_pkg/msg/rosidl_generator_cpp__visibility_control.hpp
-- Installing: /home/fivejaewin/NILARM/install/interfaces_pkg/include/interfaces_pkg/interfaces_pkg/msg/mission_state.hpp
-- Installing: /home/fivejaewin/NILARM/install/interfaces_pkg/include/interfaces_pkg/interfaces_pkg/msg/fruit_detection.hpp
-- Installing: /home/fivejaewin/NILARM/install/interfaces_pkg/include/interfaces_pkg/interfaces_pkg/msg/basket_status.hpp
-- Up-to-date: /home/fivejaewin/NILARM/install/interfaces_pkg/include/interfaces_pkg/interfaces_pkg/action
-- Up-to-date: /home/fivejaewin/NILARM/install/interfaces_pkg/include/interfaces_pkg/interfaces_pkg/action/detail
-- Installing: /home/fivejaewin/NILARM/install/interfaces_pkg/include/interfaces_pkg/interfaces_pkg/action/detail/dump_basket__traits.hpp
-- Installing: /home/fivejaewin/NILARM/install/interfaces_pkg/include/interfaces_pkg/interfaces_pkg/action/detail/dump_basket__builder.hpp
-- Installing: /home/fivejaewin/NILARM/install/interfaces_pkg/include/interfaces_pkg/interfaces_pkg/action/detail/harvest__traits.hpp
-- Installing: /home/fivejaewin/NILARM/install/interfaces_pkg/include/interfaces_pkg/interfaces_pkg/action/detail/harvest__type_support.hpp
-- Installing: /home/fivejaewin/NILARM/install/interfaces_pkg/include/interfaces_pkg/interfaces_pkg/action/detail/dump_basket__struct.hpp
-- Installing: /home/fivejaewin/NILARM/install/interfaces_pkg/include/interfaces_pkg/interfaces_pkg/action/detail/harvest__struct.hpp
-- Installing: /home/fivejaewin/NILARM/install/interfaces_pkg/include/interfaces_pkg/interfaces_pkg/action/detail/dump_basket__type_support.hpp
-- Installing: /home/fivejaewin/NILARM/install/interfaces_pkg/include/interfaces_pkg/interfaces_pkg/action/detail/harvest__builder.hpp
-- Installing: /home/fivejaewin/NILARM/install/interfaces_pkg/include/interfaces_pkg/interfaces_pkg/action/dump_basket.hpp
-- Installing: /home/fivejaewin/NILARM/install/interfaces_pkg/include/interfaces_pkg/interfaces_pkg/action/harvest.hpp
-- Up-to-date: /home/fivejaewin/NILARM/install/interfaces_pkg/include/interfaces_pkg/interfaces_pkg
-- Up-to-date: /home/fivejaewin/NILARM/install/interfaces_pkg/include/interfaces_pkg/interfaces_pkg/msg
-- Up-to-date: /home/fivejaewin/NILARM/install/interfaces_pkg/include/interfaces_pkg/interfaces_pkg/msg/detail
-- Installing: /home/fivejaewin/NILARM/install/interfaces_pkg/include/interfaces_pkg/interfaces_pkg/msg/detail/fruit_detection__rosidl_typesupport_fastrtps_cpp.hpp
-- Installing: /home/fivejaewin/NILARM/install/interfaces_pkg/include/interfaces_pkg/interfaces_pkg/msg/detail/dds_fastrtps
-- Installing: /home/fivejaewin/NILARM/install/interfaces_pkg/include/interfaces_pkg/interfaces_pkg/msg/detail/mission_state__rosidl_typesupport_fastrtps_cpp.hpp
-- Installing: /home/fivejaewin/NILARM/install/interfaces_pkg/include/interfaces_pkg/interfaces_pkg/msg/detail/basket_status__rosidl_typesupport_fastrtps_cpp.hpp
-- Installing: /home/fivejaewin/NILARM/install/interfaces_pkg/include/interfaces_pkg/interfaces_pkg/msg/rosidl_typesupport_fastrtps_cpp__visibility_control.h
-- Up-to-date: /home/fivejaewin/NILARM/install/interfaces_pkg/include/interfaces_pkg/interfaces_pkg/action
-- Up-to-date: /home/fivejaewin/NILARM/install/interfaces_pkg/include/interfaces_pkg/interfaces_pkg/action/detail
-- Installing: /home/fivejaewin/NILARM/install/interfaces_pkg/include/interfaces_pkg/interfaces_pkg/action/detail/dump_basket__rosidl_typesupport_fastrtps_cpp.hpp
-- Installing: /home/fivejaewin/NILARM/install/interfaces_pkg/include/interfaces_pkg/interfaces_pkg/action/detail/harvest__rosidl_typesupport_fastrtps_cpp.hpp
-- Installing: /home/fivejaewin/NILARM/install/interfaces_pkg/include/interfaces_pkg/interfaces_pkg/action/detail/dds_fastrtps
-- Installing: /home/fivejaewin/NILARM/install/interfaces_pkg/lib/libinterfaces_pkg__rosidl_typesupport_fastrtps_cpp.so
-- Set non-toolchain portion of runtime path of "/home/fivejaewin/NILARM/install/interfaces_pkg/lib/libinterfaces_pkg__rosidl_typesupport_fastrtps_cpp.so" to ""
-- Up-to-date: /home/fivejaewin/NILARM/install/interfaces_pkg/include/interfaces_pkg/interfaces_pkg
-- Up-to-date: /home/fivejaewin/NILARM/install/interfaces_pkg/include/interfaces_pkg/interfaces_pkg/msg
-- Up-to-date: /home/fivejaewin/NILARM/install/interfaces_pkg/include/interfaces_pkg/interfaces_pkg/msg/detail
-- Installing: /home/fivejaewin/NILARM/install/interfaces_pkg/include/interfaces_pkg/interfaces_pkg/msg/detail/fruit_detection__type_support.cpp
-- Installing: /home/fivejaewin/NILARM/install/interfaces_pkg/include/interfaces_pkg/interfaces_pkg/msg/detail/basket_status__type_support.cpp
-- Installing: /home/fivejaewin/NILARM/install/interfaces_pkg/include/interfaces_pkg/interfaces_pkg/msg/detail/mission_state__type_support.cpp
-- Installing: /home/fivejaewin/NILARM/install/interfaces_pkg/include/interfaces_pkg/interfaces_pkg/msg/detail/fruit_detection__rosidl_typesupport_introspection_cpp.hpp
-- Installing: /home/fivejaewin/NILARM/install/interfaces_pkg/include/interfaces_pkg/interfaces_pkg/msg/detail/basket_status__rosidl_typesupport_introspection_cpp.hpp
-- Installing: /home/fivejaewin/NILARM/install/interfaces_pkg/include/interfaces_pkg/interfaces_pkg/msg/detail/mission_state__rosidl_typesupport_introspection_cpp.hpp
-- Up-to-date: /home/fivejaewin/NILARM/install/interfaces_pkg/include/interfaces_pkg/interfaces_pkg/action
-- Up-to-date: /home/fivejaewin/NILARM/install/interfaces_pkg/include/interfaces_pkg/interfaces_pkg/action/detail
-- Installing: /home/fivejaewin/NILARM/install/interfaces_pkg/include/interfaces_pkg/interfaces_pkg/action/detail/dump_basket__type_support.cpp
-- Installing: /home/fivejaewin/NILARM/install/interfaces_pkg/include/interfaces_pkg/interfaces_pkg/action/detail/harvest__rosidl_typesupport_introspection_cpp.hpp
-- Installing: /home/fivejaewin/NILARM/install/interfaces_pkg/include/interfaces_pkg/interfaces_pkg/action/detail/dump_basket__rosidl_typesupport_introspection_cpp.hpp
-- Installing: /home/fivejaewin/NILARM/install/interfaces_pkg/include/interfaces_pkg/interfaces_pkg/action/detail/harvest__type_support.cpp
-- Installing: /home/fivejaewin/NILARM/install/interfaces_pkg/lib/libinterfaces_pkg__rosidl_typesupport_introspection_cpp.so
-- Set non-toolchain portion of runtime path of "/home/fivejaewin/NILARM/install/interfaces_pkg/lib/libinterfaces_pkg__rosidl_typesupport_introspection_cpp.so" to ""
-- Installing: /home/fivejaewin/NILARM/install/interfaces_pkg/lib/libinterfaces_pkg__rosidl_typesupport_cpp.so
-- Set non-toolchain portion of runtime path of "/home/fivejaewin/NILARM/install/interfaces_pkg/lib/libinterfaces_pkg__rosidl_typesupport_cpp.so" to ""
-- Installing: /home/fivejaewin/NILARM/install/interfaces_pkg/share/interfaces_pkg/environment/pythonpath.sh
-- Installing: /home/fivejaewin/NILARM/install/interfaces_pkg/share/interfaces_pkg/environment/pythonpath.dsv
-- Installing: /home/fivejaewin/NILARM/install/interfaces_pkg/lib/python3.12/site-packages/interfaces_pkg-0.0.1-py3.12.egg-info
-- Installing: /home/fivejaewin/NILARM/install/interfaces_pkg/lib/python3.12/site-packages/interfaces_pkg-0.0.1-py3.12.egg-info/PKG-INFO
-- Installing: /home/fivejaewin/NILARM/install/interfaces_pkg/lib/python3.12/site-packages/interfaces_pkg-0.0.1-py3.12.egg-info/top_level.txt
-- Installing: /home/fivejaewin/NILARM/install/interfaces_pkg/lib/python3.12/site-packages/interfaces_pkg-0.0.1-py3.12.egg-info/SOURCES.txt
-- Installing: /home/fivejaewin/NILARM/install/interfaces_pkg/lib/python3.12/site-packages/interfaces_pkg-0.0.1-py3.12.egg-info/dependency_links.txt
-- Installing: /home/fivejaewin/NILARM/install/interfaces_pkg/lib/python3.12/site-packages/interfaces_pkg
-- Installing: /home/fivejaewin/NILARM/install/interfaces_pkg/lib/python3.12/site-packages/interfaces_pkg/_interfaces_pkg_s.ep.rosidl_typesupport_c.c
-- Installing: /home/fivejaewin/NILARM/install/interfaces_pkg/lib/python3.12/site-packages/interfaces_pkg/interfaces_pkg_s__rosidl_typesupport_introspection_c.so
-- Installing: /home/fivejaewin/NILARM/install/interfaces_pkg/lib/python3.12/site-packages/interfaces_pkg/msg
-- Installing: /home/fivejaewin/NILARM/install/interfaces_pkg/lib/python3.12/site-packages/interfaces_pkg/msg/_mission_state_s.c
-- Installing: /home/fivejaewin/NILARM/install/interfaces_pkg/lib/python3.12/site-packages/interfaces_pkg/msg/_fruit_detection_s.c
-- Installing: /home/fivejaewin/NILARM/install/interfaces_pkg/lib/python3.12/site-packages/interfaces_pkg/msg/_basket_status.py
-- Installing: /home/fivejaewin/NILARM/install/interfaces_pkg/lib/python3.12/site-packages/interfaces_pkg/msg/__init__.py
-- Installing: /home/fivejaewin/NILARM/install/interfaces_pkg/lib/python3.12/site-packages/interfaces_pkg/msg/_fruit_detection.py
-- Installing: /home/fivejaewin/NILARM/install/interfaces_pkg/lib/python3.12/site-packages/interfaces_pkg/msg/_basket_status_s.c
-- Installing: /home/fivejaewin/NILARM/install/interfaces_pkg/lib/python3.12/site-packages/interfaces_pkg/msg/_mission_state.py
-- Installing: /home/fivejaewin/NILARM/install/interfaces_pkg/lib/python3.12/site-packages/interfaces_pkg/interfaces_pkg_s__rosidl_typesupport_fastrtps_c.so
-- Installing: /home/fivejaewin/NILARM/install/interfaces_pkg/lib/python3.12/site-packages/interfaces_pkg/__init__.py
-- Installing: /home/fivejaewin/NILARM/install/interfaces_pkg/lib/python3.12/site-packages/interfaces_pkg/action
-- Installing: /home/fivejaewin/NILARM/install/interfaces_pkg/lib/python3.12/site-packages/interfaces_pkg/action/_dump_basket.py
-- Installing: /home/fivejaewin/NILARM/install/interfaces_pkg/lib/python3.12/site-packages/interfaces_pkg/action/_harvest.py
-- Installing: /home/fivejaewin/NILARM/install/interfaces_pkg/lib/python3.12/site-packages/interfaces_pkg/action/_harvest_s.c
-- Installing: /home/fivejaewin/NILARM/install/interfaces_pkg/lib/python3.12/site-packages/interfaces_pkg/action/__init__.py
-- Installing: /home/fivejaewin/NILARM/install/interfaces_pkg/lib/python3.12/site-packages/interfaces_pkg/action/_dump_basket_s.c
-- Installing: /home/fivejaewin/NILARM/install/interfaces_pkg/lib/python3.12/site-packages/interfaces_pkg/_interfaces_pkg_s.ep.rosidl_typesupport_introspection_c.c
-- Installing: /home/fivejaewin/NILARM/install/interfaces_pkg/lib/python3.12/site-packages/interfaces_pkg/interfaces_pkg_s__rosidl_typesupport_c.so
-- Installing: /home/fivejaewin/NILARM/install/interfaces_pkg/lib/python3.12/site-packages/interfaces_pkg/_interfaces_pkg_s.ep.rosidl_typesupport_fastrtps_c.c
Listing '/home/fivejaewin/NILARM/install/interfaces_pkg/lib/python3.12/site-packages/interfaces_pkg'...
Compiling '/home/fivejaewin/NILARM/install/interfaces_pkg/lib/python3.12/site-packages/interfaces_pkg/__init__.py'...
Listing '/home/fivejaewin/NILARM/install/interfaces_pkg/lib/python3.12/site-packages/interfaces_pkg/action'...
Compiling '/home/fivejaewin/NILARM/install/interfaces_pkg/lib/python3.12/site-packages/interfaces_pkg/action/__init__.py'...
Compiling '/home/fivejaewin/NILARM/install/interfaces_pkg/lib/python3.12/site-packages/interfaces_pkg/action/_dump_basket.py'...
Compiling '/home/fivejaewin/NILARM/install/interfaces_pkg/lib/python3.12/site-packages/interfaces_pkg/action/_harvest.py'...
Listing '/home/fivejaewin/NILARM/install/interfaces_pkg/lib/python3.12/site-packages/interfaces_pkg/msg'...
Compiling '/home/fivejaewin/NILARM/install/interfaces_pkg/lib/python3.12/site-packages/interfaces_pkg/msg/__init__.py'...
Compiling '/home/fivejaewin/NILARM/install/interfaces_pkg/lib/python3.12/site-packages/interfaces_pkg/msg/_basket_status.py'...
Compiling '/home/fivejaewin/NILARM/install/interfaces_pkg/lib/python3.12/site-packages/interfaces_pkg/msg/_fruit_detection.py'...
Compiling '/home/fivejaewin/NILARM/install/interfaces_pkg/lib/python3.12/site-packages/interfaces_pkg/msg/_mission_state.py'...
-- Installing: /home/fivejaewin/NILARM/install/interfaces_pkg/lib/python3.12/site-packages/interfaces_pkg/interfaces_pkg_s__rosidl_typesupport_fastrtps_c.so
-- Set non-toolchain portion of runtime path of "/home/fivejaewin/NILARM/install/interfaces_pkg/lib/python3.12/site-packages/interfaces_pkg/interfaces_pkg_s__rosidl_typesupport_fastrtps_c.so" to ""
-- Installing: /home/fivejaewin/NILARM/install/interfaces_pkg/lib/python3.12/site-packages/interfaces_pkg/interfaces_pkg_s__rosidl_typesupport_introspection_c.so
-- Set non-toolchain portion of runtime path of "/home/fivejaewin/NILARM/install/interfaces_pkg/lib/python3.12/site-packages/interfaces_pkg/interfaces_pkg_s__rosidl_typesupport_introspection_c.so" to ""
-- Installing: /home/fivejaewin/NILARM/install/interfaces_pkg/lib/python3.12/site-packages/interfaces_pkg/interfaces_pkg_s__rosidl_typesupport_c.so
-- Set non-toolchain portion of runtime path of "/home/fivejaewin/NILARM/install/interfaces_pkg/lib/python3.12/site-packages/interfaces_pkg/interfaces_pkg_s__rosidl_typesupport_c.so" to ""
-- Installing: /home/fivejaewin/NILARM/install/interfaces_pkg/lib/libinterfaces_pkg__rosidl_generator_py.so
-- Set non-toolchain portion of runtime path of "/home/fivejaewin/NILARM/install/interfaces_pkg/lib/libinterfaces_pkg__rosidl_generator_py.so" to ""
-- Installing: /home/fivejaewin/NILARM/install/interfaces_pkg/share/ament_index/resource_index/rust_packages/interfaces_pkg
-- Installing: /home/fivejaewin/NILARM/install/interfaces_pkg/share/interfaces_pkg/rust
-- Installing: /home/fivejaewin/NILARM/install/interfaces_pkg/share/interfaces_pkg/rust/src
-- Installing: /home/fivejaewin/NILARM/install/interfaces_pkg/share/interfaces_pkg/rust/src/msg.rs
-- Installing: /home/fivejaewin/NILARM/install/interfaces_pkg/share/interfaces_pkg/rust/src/lib.rs
-- Installing: /home/fivejaewin/NILARM/install/interfaces_pkg/share/interfaces_pkg/rust/src/action.rs
-- Installing: /home/fivejaewin/NILARM/install/interfaces_pkg/share/interfaces_pkg/rust/src/msg
-- Installing: /home/fivejaewin/NILARM/install/interfaces_pkg/share/interfaces_pkg/rust/src/msg/rmw.rs
-- Installing: /home/fivejaewin/NILARM/install/interfaces_pkg/share/interfaces_pkg/rust/src/action
-- Installing: /home/fivejaewin/NILARM/install/interfaces_pkg/share/interfaces_pkg/rust/src/action/rmw.rs
-- Installing: /home/fivejaewin/NILARM/install/interfaces_pkg/share/interfaces_pkg/rust/build.rs
-- Installing: /home/fivejaewin/NILARM/install/interfaces_pkg/share/interfaces_pkg/rust/Cargo.toml
-- Installing: /home/fivejaewin/NILARM/install/interfaces_pkg/share/interfaces_pkg/msg/FruitDetection.idl
-- Installing: /home/fivejaewin/NILARM/install/interfaces_pkg/share/interfaces_pkg/msg/BasketStatus.idl
-- Installing: /home/fivejaewin/NILARM/install/interfaces_pkg/share/interfaces_pkg/msg/MissionState.idl
-- Installing: /home/fivejaewin/NILARM/install/interfaces_pkg/share/interfaces_pkg/action/Harvest.idl
-- Installing: /home/fivejaewin/NILARM/install/interfaces_pkg/share/interfaces_pkg/action/DumpBasket.idl
-- Installing: /home/fivejaewin/NILARM/install/interfaces_pkg/share/interfaces_pkg/msg/FruitDetection.msg
-- Installing: /home/fivejaewin/NILARM/install/interfaces_pkg/share/interfaces_pkg/msg/BasketStatus.msg
-- Installing: /home/fivejaewin/NILARM/install/interfaces_pkg/share/interfaces_pkg/msg/MissionState.msg
-- Installing: /home/fivejaewin/NILARM/install/interfaces_pkg/share/interfaces_pkg/action/Harvest.action
-- Installing: /home/fivejaewin/NILARM/install/interfaces_pkg/share/interfaces_pkg/action/DumpBasket.action
-- Installing: /home/fivejaewin/NILARM/install/interfaces_pkg/share/ament_index/resource_index/package_run_dependencies/interfaces_pkg
-- Installing: /home/fivejaewin/NILARM/install/interfaces_pkg/share/ament_index/resource_index/parent_prefix_path/interfaces_pkg
-- Installing: /home/fivejaewin/NILARM/install/interfaces_pkg/share/interfaces_pkg/environment/ament_prefix_path.sh
-- Installing: /home/fivejaewin/NILARM/install/interfaces_pkg/share/interfaces_pkg/environment/ament_prefix_path.dsv
-- Installing: /home/fivejaewin/NILARM/install/interfaces_pkg/share/interfaces_pkg/environment/path.sh
-- Installing: /home/fivejaewin/NILARM/install/interfaces_pkg/share/interfaces_pkg/environment/path.dsv
-- Installing: /home/fivejaewin/NILARM/install/interfaces_pkg/share/interfaces_pkg/local_setup.bash
-- Installing: /home/fivejaewin/NILARM/install/interfaces_pkg/share/interfaces_pkg/local_setup.sh
-- Installing: /home/fivejaewin/NILARM/install/interfaces_pkg/share/interfaces_pkg/local_setup.zsh
-- Installing: /home/fivejaewin/NILARM/install/interfaces_pkg/share/interfaces_pkg/local_setup.dsv
-- Installing: /home/fivejaewin/NILARM/install/interfaces_pkg/share/interfaces_pkg/package.dsv
-- Installing: /home/fivejaewin/NILARM/install/interfaces_pkg/share/ament_index/resource_index/packages/interfaces_pkg
-- Installing: /home/fivejaewin/NILARM/install/interfaces_pkg/share/interfaces_pkg/cmake/export_interfaces_pkg__rosidl_generator_cExport.cmake
-- Installing: /home/fivejaewin/NILARM/install/interfaces_pkg/share/interfaces_pkg/cmake/export_interfaces_pkg__rosidl_generator_cExport-noconfig.cmake
-- Installing: /home/fivejaewin/NILARM/install/interfaces_pkg/share/interfaces_pkg/cmake/export_interfaces_pkg__rosidl_typesupport_fastrtps_cExport.cmake
-- Installing: /home/fivejaewin/NILARM/install/interfaces_pkg/share/interfaces_pkg/cmake/export_interfaces_pkg__rosidl_typesupport_fastrtps_cExport-noconfig.cmake
-- Installing: /home/fivejaewin/NILARM/install/interfaces_pkg/share/interfaces_pkg/cmake/interfaces_pkg__rosidl_typesupport_introspection_cExport.cmake
-- Installing: /home/fivejaewin/NILARM/install/interfaces_pkg/share/interfaces_pkg/cmake/interfaces_pkg__rosidl_typesupport_introspection_cExport-noconfig.cmake
-- Installing: /home/fivejaewin/NILARM/install/interfaces_pkg/share/interfaces_pkg/cmake/interfaces_pkg__rosidl_typesupport_cExport.cmake
-- Installing: /home/fivejaewin/NILARM/install/interfaces_pkg/share/interfaces_pkg/cmake/interfaces_pkg__rosidl_typesupport_cExport-noconfig.cmake
-- Installing: /home/fivejaewin/NILARM/install/interfaces_pkg/share/interfaces_pkg/cmake/export_interfaces_pkg__rosidl_generator_cppExport.cmake
-- Installing: /home/fivejaewin/NILARM/install/interfaces_pkg/share/interfaces_pkg/cmake/export_interfaces_pkg__rosidl_typesupport_fastrtps_cppExport.cmake
-- Installing: /home/fivejaewin/NILARM/install/interfaces_pkg/share/interfaces_pkg/cmake/export_interfaces_pkg__rosidl_typesupport_fastrtps_cppExport-noconfig.cmake
-- Installing: /home/fivejaewin/NILARM/install/interfaces_pkg/share/interfaces_pkg/cmake/interfaces_pkg__rosidl_typesupport_introspection_cppExport.cmake
-- Installing: /home/fivejaewin/NILARM/install/interfaces_pkg/share/interfaces_pkg/cmake/interfaces_pkg__rosidl_typesupport_introspection_cppExport-noconfig.cmake
-- Installing: /home/fivejaewin/NILARM/install/interfaces_pkg/share/interfaces_pkg/cmake/interfaces_pkg__rosidl_typesupport_cppExport.cmake
-- Installing: /home/fivejaewin/NILARM/install/interfaces_pkg/share/interfaces_pkg/cmake/interfaces_pkg__rosidl_typesupport_cppExport-noconfig.cmake
-- Installing: /home/fivejaewin/NILARM/install/interfaces_pkg/share/interfaces_pkg/cmake/export_interfaces_pkg__rosidl_generator_pyExport.cmake
-- Installing: /home/fivejaewin/NILARM/install/interfaces_pkg/share/interfaces_pkg/cmake/export_interfaces_pkg__rosidl_generator_pyExport-noconfig.cmake
-- Installing: /home/fivejaewin/NILARM/install/interfaces_pkg/share/interfaces_pkg/cmake/rosidl_cmake-extras.cmake
-- Installing: /home/fivejaewin/NILARM/install/interfaces_pkg/share/interfaces_pkg/cmake/ament_cmake_export_dependencies-extras.cmake
-- Installing: /home/fivejaewin/NILARM/install/interfaces_pkg/share/interfaces_pkg/cmake/ament_cmake_export_include_directories-extras.cmake
-- Installing: /home/fivejaewin/NILARM/install/interfaces_pkg/share/interfaces_pkg/cmake/ament_cmake_export_libraries-extras.cmake
-- Installing: /home/fivejaewin/NILARM/install/interfaces_pkg/share/interfaces_pkg/cmake/ament_cmake_export_targets-extras.cmake
-- Installing: /home/fivejaewin/NILARM/install/interfaces_pkg/share/interfaces_pkg/cmake/rosidl_cmake_export_typesupport_targets-extras.cmake
-- Installing: /home/fivejaewin/NILARM/install/interfaces_pkg/share/interfaces_pkg/cmake/rosidl_cmake_export_typesupport_libraries-extras.cmake
-- Installing: /home/fivejaewin/NILARM/install/interfaces_pkg/share/interfaces_pkg/cmake/rosidl_cmake_aggregate_target-extras.cmake
-- Installing: /home/fivejaewin/NILARM/install/interfaces_pkg/share/interfaces_pkg/cmake/interfaces_pkgConfig.cmake
-- Installing: /home/fivejaewin/NILARM/install/interfaces_pkg/share/interfaces_pkg/cmake/interfaces_pkgConfig-version.cmake
-- Installing: /home/fivejaewin/NILARM/install/interfaces_pkg/share/interfaces_pkg/package.xml
