[0.269s] Invoking command in '/home/fivejaewin/NILARM/build/interfaces_pkg': CMAKE_PREFIX_PATH=${CMAKE_PREFIX_PATH}:/opt/ros/jazzy DEBUGINFOD_URLS=https://debuginfod.ubuntu.com /usr/bin/cmake /home/fivejaewin/NILARM/src/interfaces_pkg -DCMAKE_INSTALL_PREFIX=/home/fivejaewin/NILARM/install/interfaces_pkg
[0.516s] -- Found ament_cmake: 2.5.6 (/opt/ros/jazzy/share/ament_cmake/cmake)
[0.516s] -- Found Python3: /usr/bin/python3 (found version "3.12.3") found components: Interpreter 
[0.638s] -- Found rosidl_default_generators: 1.6.1 (/opt/ros/jazzy/share/rosidl_default_generators/cmake)
[0.649s] -- Using all available rosidl_typesupport_c: rosidl_typesupport_fastrtps_c;rosidl_typesupport_introspection_c
[0.739s] -- Using all available rosidl_typesupport_cpp: rosidl_typesupport_fastrtps_cpp;rosidl_typesupport_introspection_cpp
[0.818s] -- Found rosidl_adapter: 4.6.9 (/opt/ros/jazzy/share/rosidl_adapter/cmake)
[1.922s] -- Found ament_cmake_ros: 0.12.1 (/opt/ros/jazzy/share/ament_cmake_ros/cmake)
[2.568s] -- Using all available rosidl_typesupport_c: rosidl_typesupport_fastrtps_c;rosidl_typesupport_introspection_c
[3.377s] -- Using all available rosidl_typesupport_cpp: rosidl_typesupport_fastrtps_cpp;rosidl_typesupport_introspection_cpp
[3.390s] -- Found python_cmake_module: 0.11.1 (/opt/ros/jazzy/share/python_cmake_module/cmake)
[3.631s] -- Found PythonExtra: /usr/bin/python3  
[4.279s] -- Found Python3: /usr/bin/python3 (found version "3.12.3") found components: Interpreter Development NumPy Development.Module Development.Embed 
[4.379s] -- Found Python3: /usr/bin/python3 (found version "3.12.3") found components: Interpreter 
[4.392s] -- Configuring done (4.1s)
[4.447s] -- Generating done (0.0s)
[4.464s] -- Build files have been written to: /home/fivejaewin/NILARM/build/interfaces_pkg
[4.474s] Invoked command in '/home/fivejaewin/NILARM/build/interfaces_pkg' returned '0': CMAKE_PREFIX_PATH=${CMAKE_PREFIX_PATH}:/opt/ros/jazzy DEBUGINFOD_URLS=https://debuginfod.ubuntu.com /usr/bin/cmake /home/fivejaewin/NILARM/src/interfaces_pkg -DCMAKE_INSTALL_PREFIX=/home/fivejaewin/NILARM/install/interfaces_pkg
[4.476s] Invoking command in '/home/fivejaewin/NILARM/build/interfaces_pkg': CMAKE_PREFIX_PATH=${CMAKE_PREFIX_PATH}:/opt/ros/jazzy DEBUGINFOD_URLS=https://debuginfod.ubuntu.com /usr/bin/cmake --build /home/fivejaewin/NILARM/build/interfaces_pkg -- -j12 -l12
[4.543s] [  2%] [34m[1mGenerating type hashes for ROS interfaces[0m
[4.543s] [  2%] [34m[1mGenerating Rust code for ROS interfaces[0m
[4.545s] [  2%] Built target ament_cmake_python_copy_interfaces_pkg
[4.839s] running egg_info
[4.839s] creating interfaces_pkg.egg-info
[4.870s] writing interfaces_pkg.egg-info/PKG-INFO
[4.870s] writing dependency_links to interfaces_pkg.egg-info/dependency_links.txt
[4.871s] writing top-level names to interfaces_pkg.egg-info/top_level.txt
[4.871s] writing manifest file 'interfaces_pkg.egg-info/SOURCES.txt'
[4.953s] reading manifest file 'interfaces_pkg.egg-info/SOURCES.txt'
[4.954s] writing manifest file 'interfaces_pkg.egg-info/SOURCES.txt'
[4.990s] [  2%] Built target ament_cmake_python_build_interfaces_pkg_egg
[5.027s] [  2%] Built target interfaces_pkg__rosidl_generator_type_description
[5.042s] [  4%] [34m[1mGenerating C code for ROS interfaces[0m
[5.056s] [  5%] [34m[1mGenerating C++ code for ROS interfaces[0m
[5.158s] [  5%] Built target interfaces_pkg__rs
[6.077s] [  5%] Built target interfaces_pkg__cpp
[6.168s] [  6%] [32mBuilding C object CMakeFiles/interfaces_pkg__rosidl_generator_c.dir/rosidl_generator_c/interfaces_pkg/msg/detail/fruit_detection__description.c.o[0m
[6.169s] [  8%] [32mBuilding C object CMakeFiles/interfaces_pkg__rosidl_generator_c.dir/rosidl_generator_c/interfaces_pkg/msg/detail/fruit_detection__functions.c.o[0m
[6.170s] [  9%] [32mBuilding C object CMakeFiles/interfaces_pkg__rosidl_generator_c.dir/rosidl_generator_c/interfaces_pkg/msg/detail/fruit_detection__type_support.c.o[0m
[6.170s] [ 13%] [32mBuilding C object CMakeFiles/interfaces_pkg__rosidl_generator_c.dir/rosidl_generator_c/interfaces_pkg/msg/detail/basket_status__description.c.o[0m
[6.171s] [ 13%] [32mBuilding C object CMakeFiles/interfaces_pkg__rosidl_generator_c.dir/rosidl_generator_c/interfaces_pkg/msg/detail/basket_status__type_support.c.o[0m
[6.171s] [ 13%] [32mBuilding C object CMakeFiles/interfaces_pkg__rosidl_generator_c.dir/rosidl_generator_c/interfaces_pkg/msg/detail/basket_status__functions.c.o[0m
[6.171s] [ 14%] [32mBuilding C object CMakeFiles/interfaces_pkg__rosidl_generator_c.dir/rosidl_generator_c/interfaces_pkg/msg/detail/mission_state__description.c.o[0m
[6.171s] [ 16%] [32mBuilding C object CMakeFiles/interfaces_pkg__rosidl_generator_c.dir/rosidl_generator_c/interfaces_pkg/msg/detail/mission_state__type_support.c.o[0m
[6.172s] [ 17%] [32mBuilding C object CMakeFiles/interfaces_pkg__rosidl_generator_c.dir/rosidl_generator_c/interfaces_pkg/msg/detail/mission_state__functions.c.o[0m
[6.172s] [ 18%] [32mBuilding C object CMakeFiles/interfaces_pkg__rosidl_generator_c.dir/rosidl_generator_c/interfaces_pkg/action/detail/harvest__functions.c.o[0m
[6.173s] [ 20%] [32mBuilding C object CMakeFiles/interfaces_pkg__rosidl_generator_c.dir/rosidl_generator_c/interfaces_pkg/action/detail/harvest__description.c.o[0m
[6.173s] [ 21%] [32mBuilding C object CMakeFiles/interfaces_pkg__rosidl_generator_c.dir/rosidl_generator_c/interfaces_pkg/action/detail/harvest__type_support.c.o[0m
[6.259s] [ 22%] [32mBuilding C object CMakeFiles/interfaces_pkg__rosidl_generator_c.dir/rosidl_generator_c/interfaces_pkg/action/detail/dump_basket__description.c.o[0m
[6.259s] [ 24%] [32mBuilding C object CMakeFiles/interfaces_pkg__rosidl_generator_c.dir/rosidl_generator_c/interfaces_pkg/action/detail/dump_basket__type_support.c.o[0m
[6.262s] [ 25%] [32mBuilding C object CMakeFiles/interfaces_pkg__rosidl_generator_c.dir/rosidl_generator_c/interfaces_pkg/action/detail/dump_basket__functions.c.o[0m
[6.457s] [ 26%] [32m[1mLinking C shared library libinterfaces_pkg__rosidl_generator_c.so[0m
[6.505s] [ 26%] Built target interfaces_pkg__rosidl_generator_c
[6.517s] [ 28%] [34m[1mGenerating C++ introspection for ROS interfaces[0m
[6.517s] [ 29%] [34m[1mGenerating C++ type support dispatch for ROS interfaces[0m
[6.521s] [ 33%] [34m[1mGenerating C type support for eProsima Fast-RTPS[0m
[6.521s] [ 33%] [34m[1mGenerating C type support dispatch for ROS interfaces[0m
[6.521s] [ 33%] [34m[1mGenerating C introspection for ROS interfaces[0m
[6.521s] [ 34%] [34m[1mGenerating C++ type support for eProsima Fast-RTPS[0m
[7.369s] [ 37%] [32mBuilding CXX object CMakeFiles/interfaces_pkg__rosidl_typesupport_c.dir/rosidl_typesupport_c/interfaces_pkg/action/harvest__type_support.cpp.o[0m
[7.370s] [ 37%] [32mBuilding CXX object CMakeFiles/interfaces_pkg__rosidl_typesupport_c.dir/rosidl_typesupport_c/interfaces_pkg/msg/basket_status__type_support.cpp.o[0m
[7.370s] [ 38%] [32mBuilding CXX object CMakeFiles/interfaces_pkg__rosidl_typesupport_c.dir/rosidl_typesupport_c/interfaces_pkg/msg/fruit_detection__type_support.cpp.o[0m
[7.371s] [ 40%] [32mBuilding CXX object CMakeFiles/interfaces_pkg__rosidl_typesupport_c.dir/rosidl_typesupport_c/interfaces_pkg/msg/mission_state__type_support.cpp.o[0m
[7.373s] [ 41%] [32mBuilding CXX object CMakeFiles/interfaces_pkg__rosidl_typesupport_c.dir/rosidl_typesupport_c/interfaces_pkg/action/dump_basket__type_support.cpp.o[0m
[7.393s] [ 44%] [32mBuilding CXX object CMakeFiles/interfaces_pkg__rosidl_typesupport_cpp.dir/rosidl_typesupport_cpp/interfaces_pkg/msg/basket_status__type_support.cpp.o[0m
[7.394s] [ 44%] [32mBuilding CXX object CMakeFiles/interfaces_pkg__rosidl_typesupport_cpp.dir/rosidl_typesupport_cpp/interfaces_pkg/msg/fruit_detection__type_support.cpp.o[0m
[7.395s] [ 45%] [32mBuilding CXX object CMakeFiles/interfaces_pkg__rosidl_typesupport_cpp.dir/rosidl_typesupport_cpp/interfaces_pkg/msg/mission_state__type_support.cpp.o[0m
[7.454s] [ 46%] [32mBuilding CXX object CMakeFiles/interfaces_pkg__rosidl_typesupport_cpp.dir/rosidl_typesupport_cpp/interfaces_pkg/action/harvest__type_support.cpp.o[0m
[7.457s] [ 48%] [32mBuilding CXX object CMakeFiles/interfaces_pkg__rosidl_typesupport_cpp.dir/rosidl_typesupport_cpp/interfaces_pkg/action/dump_basket__type_support.cpp.o[0m
[7.484s] [ 49%] [32m[1mLinking CXX shared library libinterfaces_pkg__rosidl_typesupport_c.so[0m
[7.559s] [ 49%] Built target interfaces_pkg__rosidl_typesupport_c
[7.590s] [ 52%] [32mBuilding CXX object CMakeFiles/interfaces_pkg__rosidl_typesupport_introspection_cpp.dir/rosidl_typesupport_introspection_cpp/interfaces_pkg/msg/detail/basket_status__type_support.cpp.o[0m
[7.590s] [ 52%] [32mBuilding CXX object CMakeFiles/interfaces_pkg__rosidl_typesupport_introspection_cpp.dir/rosidl_typesupport_introspection_cpp/interfaces_pkg/msg/detail/fruit_detection__type_support.cpp.o[0m
[7.592s] [ 53%] [32mBuilding CXX object CMakeFiles/interfaces_pkg__rosidl_typesupport_introspection_cpp.dir/rosidl_typesupport_introspection_cpp/interfaces_pkg/action/detail/harvest__type_support.cpp.o[0m
[7.609s] [ 54%] [32mBuilding CXX object CMakeFiles/interfaces_pkg__rosidl_typesupport_introspection_cpp.dir/rosidl_typesupport_introspection_cpp/interfaces_pkg/msg/detail/mission_state__type_support.cpp.o[0m
[7.808s] [ 56%] [32mBuilding C object CMakeFiles/interfaces_pkg__rosidl_typesupport_introspection_c.dir/rosidl_typesupport_introspection_c/interfaces_pkg/msg/detail/fruit_detection__type_support.c.o[0m
[7.875s] [ 57%] [32mBuilding C object CMakeFiles/interfaces_pkg__rosidl_typesupport_introspection_c.dir/rosidl_typesupport_introspection_c/interfaces_pkg/msg/detail/basket_status__type_support.c.o[0m
[7.944s] [ 58%] [32mBuilding C object CMakeFiles/interfaces_pkg__rosidl_typesupport_introspection_c.dir/rosidl_typesupport_introspection_c/interfaces_pkg/msg/detail/mission_state__type_support.c.o[0m
[8.045s] [ 60%] [32mBuilding CXX object CMakeFiles/interfaces_pkg__rosidl_typesupport_introspection_cpp.dir/rosidl_typesupport_introspection_cpp/interfaces_pkg/action/detail/dump_basket__type_support.cpp.o[0m
[8.045s] [ 61%] [32mBuilding C object CMakeFiles/interfaces_pkg__rosidl_typesupport_introspection_c.dir/rosidl_typesupport_introspection_c/interfaces_pkg/action/detail/harvest__type_support.c.o[0m
[8.058s] [ 62%] [32mBuilding C object CMakeFiles/interfaces_pkg__rosidl_typesupport_introspection_c.dir/rosidl_typesupport_introspection_c/interfaces_pkg/action/detail/dump_basket__type_support.c.o[0m
[8.120s] [ 64%] [32mBuilding CXX object CMakeFiles/interfaces_pkg__rosidl_typesupport_fastrtps_cpp.dir/rosidl_typesupport_fastrtps_cpp/interfaces_pkg/msg/detail/dds_fastrtps/fruit_detection__type_support.cpp.o[0m
[8.123s] [ 65%] [32mBuilding CXX object CMakeFiles/interfaces_pkg__rosidl_typesupport_fastrtps_cpp.dir/rosidl_typesupport_fastrtps_cpp/interfaces_pkg/msg/detail/dds_fastrtps/basket_status__type_support.cpp.o[0m
[8.169s] [ 66%] [32mBuilding CXX object CMakeFiles/interfaces_pkg__rosidl_typesupport_fastrtps_cpp.dir/rosidl_typesupport_fastrtps_cpp/interfaces_pkg/msg/detail/dds_fastrtps/mission_state__type_support.cpp.o[0m
[8.182s] [ 68%] [32m[1mLinking C shared library libinterfaces_pkg__rosidl_typesupport_introspection_c.so[0m
[8.196s] [ 69%] [32mBuilding CXX object CMakeFiles/interfaces_pkg__rosidl_typesupport_fastrtps_cpp.dir/rosidl_typesupport_fastrtps_cpp/interfaces_pkg/action/detail/dds_fastrtps/harvest__type_support.cpp.o[0m
[8.200s] [ 70%] [32mBuilding CXX object CMakeFiles/interfaces_pkg__rosidl_typesupport_fastrtps_cpp.dir/rosidl_typesupport_fastrtps_cpp/interfaces_pkg/action/detail/dds_fastrtps/dump_basket__type_support.cpp.o[0m
[8.243s] [ 70%] Built target interfaces_pkg__rosidl_typesupport_introspection_c
[8.334s] [ 72%] [32mBuilding CXX object CMakeFiles/interfaces_pkg__rosidl_typesupport_fastrtps_c.dir/rosidl_typesupport_fastrtps_c/interfaces_pkg/msg/detail/fruit_detection__type_support_c.cpp.o[0m
[8.335s] [ 73%] [32mBuilding CXX object CMakeFiles/interfaces_pkg__rosidl_typesupport_fastrtps_c.dir/rosidl_typesupport_fastrtps_c/interfaces_pkg/msg/detail/mission_state__type_support_c.cpp.o[0m
[8.336s] [ 74%] [32mBuilding CXX object CMakeFiles/interfaces_pkg__rosidl_typesupport_fastrtps_c.dir/rosidl_typesupport_fastrtps_c/interfaces_pkg/msg/detail/basket_status__type_support_c.cpp.o[0m
[8.795s] [ 76%] [32mBuilding CXX object CMakeFiles/interfaces_pkg__rosidl_typesupport_fastrtps_c.dir/rosidl_typesupport_fastrtps_c/interfaces_pkg/action/detail/harvest__type_support_c.cpp.o[0m
[8.851s] [ 77%] [32m[1mLinking CXX shared library libinterfaces_pkg__rosidl_typesupport_cpp.so[0m
[9.025s] [ 77%] Built target interfaces_pkg__rosidl_typesupport_cpp
[9.037s] [ 78%] [32mBuilding CXX object CMakeFiles/interfaces_pkg__rosidl_typesupport_fastrtps_c.dir/rosidl_typesupport_fastrtps_c/interfaces_pkg/action/detail/dump_basket__type_support_c.cpp.o[0m
[9.517s] [ 80%] [32m[1mLinking CXX shared library libinterfaces_pkg__rosidl_typesupport_introspection_cpp.so[0m
[9.656s] [ 80%] Built target interfaces_pkg__rosidl_typesupport_introspection_cpp
[10.017s] [ 81%] [32m[1mLinking CXX shared library libinterfaces_pkg__rosidl_typesupport_fastrtps_cpp.so[0m
[10.033s] [ 82%] [32m[1mLinking CXX shared library libinterfaces_pkg__rosidl_typesupport_fastrtps_c.so[0m
[10.128s] [ 82%] Built target interfaces_pkg__rosidl_typesupport_fastrtps_cpp
[10.151s] [ 82%] Built target interfaces_pkg__rosidl_typesupport_fastrtps_c
[10.178s] [ 82%] Built target interfaces_pkg
[10.204s] [ 84%] [34m[1mGenerating Python code for ROS interfaces[0m
[11.964s] [ 84%] Built target interfaces_pkg__py
[12.000s] [ 85%] [32mBuilding C object CMakeFiles/interfaces_pkg__rosidl_generator_py.dir/rosidl_generator_py/interfaces_pkg/msg/_basket_status_s.c.o[0m
[12.002s] [ 86%] [32mBuilding C object CMakeFiles/interfaces_pkg__rosidl_generator_py.dir/rosidl_generator_py/interfaces_pkg/msg/_fruit_detection_s.c.o[0m
[12.003s] [ 88%] [32mBuilding C object CMakeFiles/interfaces_pkg__rosidl_generator_py.dir/rosidl_generator_py/interfaces_pkg/msg/_mission_state_s.c.o[0m
[12.004s] [ 89%] [32mBuilding C object CMakeFiles/interfaces_pkg__rosidl_generator_py.dir/rosidl_generator_py/interfaces_pkg/action/_harvest_s.c.o[0m
[12.005s] [ 90%] [32mBuilding C object CMakeFiles/interfaces_pkg__rosidl_generator_py.dir/rosidl_generator_py/interfaces_pkg/action/_dump_basket_s.c.o[0m
[12.314s] [ 92%] [32m[1mLinking C shared library libinterfaces_pkg__rosidl_generator_py.so[0m
[12.376s] [ 92%] Built target interfaces_pkg__rosidl_generator_py
[12.402s] [ 93%] [32mBuilding C object CMakeFiles/interfaces_pkg_s__rosidl_typesupport_fastrtps_c.dir/rosidl_generator_py/interfaces_pkg/_interfaces_pkg_s.ep.rosidl_typesupport_fastrtps_c.c.o[0m
[12.403s] [ 96%] [32mBuilding C object CMakeFiles/interfaces_pkg_s__rosidl_typesupport_c.dir/rosidl_generator_py/interfaces_pkg/_interfaces_pkg_s.ep.rosidl_typesupport_c.c.o[0m
[12.403s] [ 96%] [32mBuilding C object CMakeFiles/interfaces_pkg_s__rosidl_typesupport_introspection_c.dir/rosidl_generator_py/interfaces_pkg/_interfaces_pkg_s.ep.rosidl_typesupport_introspection_c.c.o[0m
[12.600s] [ 97%] [32m[1mLinking C shared module rosidl_generator_py/interfaces_pkg/interfaces_pkg_s__rosidl_typesupport_c.so[0m
[12.633s] [ 98%] [32m[1mLinking C shared module rosidl_generator_py/interfaces_pkg/interfaces_pkg_s__rosidl_typesupport_fastrtps_c.so[0m
[12.636s] [ 98%] Built target interfaces_pkg_s__rosidl_typesupport_c
[12.655s] [100%] [32m[1mLinking C shared module rosidl_generator_py/interfaces_pkg/interfaces_pkg_s__rosidl_typesupport_introspection_c.so[0m
[12.677s] [100%] Built target interfaces_pkg_s__rosidl_typesupport_fastrtps_c
[12.707s] [100%] Built target interfaces_pkg_s__rosidl_typesupport_introspection_c
[12.727s] Invoked command in '/home/fivejaewin/NILARM/build/interfaces_pkg' returned '0': CMAKE_PREFIX_PATH=${CMAKE_PREFIX_PATH}:/opt/ros/jazzy DEBUGINFOD_URLS=https://debuginfod.ubuntu.com /usr/bin/cmake --build /home/fivejaewin/NILARM/build/interfaces_pkg -- -j12 -l12
[12.743s] Invoking command in '/home/fivejaewin/NILARM/build/interfaces_pkg': CMAKE_PREFIX_PATH=${CMAKE_PREFIX_PATH}:/opt/ros/jazzy DEBUGINFOD_URLS=https://debuginfod.ubuntu.com /usr/bin/cmake --install /home/fivejaewin/NILARM/build/interfaces_pkg
[12.756s] -- Install configuration: ""
[12.757s] -- Installing: /home/fivejaewin/NILARM/install/interfaces_pkg/share/ament_index/resource_index/rosidl_interfaces/interfaces_pkg
[12.757s] -- Installing: /home/fivejaewin/NILARM/install/interfaces_pkg/share/interfaces_pkg/msg/FruitDetection.json
[12.757s] -- Installing: /home/fivejaewin/NILARM/install/interfaces_pkg/share/interfaces_pkg/msg/BasketStatus.json
[12.757s] -- Installing: /home/fivejaewin/NILARM/install/interfaces_pkg/share/interfaces_pkg/msg/MissionState.json
[12.758s] -- Installing: /home/fivejaewin/NILARM/install/interfaces_pkg/share/interfaces_pkg/action/Harvest.json
[12.758s] -- Installing: /home/fivejaewin/NILARM/install/interfaces_pkg/share/interfaces_pkg/action/DumpBasket.json
[12.758s] -- Installing: /home/fivejaewin/NILARM/install/interfaces_pkg/include/interfaces_pkg/interfaces_pkg
[12.759s] -- Installing: /home/fivejaewin/NILARM/install/interfaces_pkg/include/interfaces_pkg/interfaces_pkg/msg
[12.759s] -- Installing: /home/fivejaewin/NILARM/install/interfaces_pkg/include/interfaces_pkg/interfaces_pkg/msg/detail
[12.759s] -- Installing: /home/fivejaewin/NILARM/install/interfaces_pkg/include/interfaces_pkg/interfaces_pkg/msg/detail/basket_status__functions.c
[12.759s] -- Installing: /home/fivejaewin/NILARM/install/interfaces_pkg/include/interfaces_pkg/interfaces_pkg/msg/detail/mission_state__description.c
[12.760s] -- Installing: /home/fivejaewin/NILARM/install/interfaces_pkg/include/interfaces_pkg/interfaces_pkg/msg/detail/mission_state__struct.h
[12.760s] -- Installing: /home/fivejaewin/NILARM/install/interfaces_pkg/include/interfaces_pkg/interfaces_pkg/msg/detail/mission_state__type_support.h
[12.760s] -- Installing: /home/fivejaewin/NILARM/install/interfaces_pkg/include/interfaces_pkg/interfaces_pkg/msg/detail/fruit_detection__struct.h
[12.760s] -- Installing: /home/fivejaewin/NILARM/install/interfaces_pkg/include/interfaces_pkg/interfaces_pkg/msg/detail/basket_status__type_support.c
[12.761s] -- Installing: /home/fivejaewin/NILARM/install/interfaces_pkg/include/interfaces_pkg/interfaces_pkg/msg/detail/basket_status__description.c
[12.761s] -- Installing: /home/fivejaewin/NILARM/install/interfaces_pkg/include/interfaces_pkg/interfaces_pkg/msg/detail/mission_state__type_support.c
[12.761s] -- Installing: /home/fivejaewin/NILARM/install/interfaces_pkg/include/interfaces_pkg/interfaces_pkg/msg/detail/basket_status__functions.h
[12.762s] -- Installing: /home/fivejaewin/NILARM/install/interfaces_pkg/include/interfaces_pkg/interfaces_pkg/msg/detail/basket_status__struct.h
[12.762s] -- Installing: /home/fivejaewin/NILARM/install/interfaces_pkg/include/interfaces_pkg/interfaces_pkg/msg/detail/mission_state__functions.c
[12.762s] -- Installing: /home/fivejaewin/NILARM/install/interfaces_pkg/include/interfaces_pkg/interfaces_pkg/msg/detail/mission_state__functions.h
[12.762s] -- Installing: /home/fivejaewin/NILARM/install/interfaces_pkg/include/interfaces_pkg/interfaces_pkg/msg/detail/fruit_detection__description.c
[12.762s] -- Installing: /home/fivejaewin/NILARM/install/interfaces_pkg/include/interfaces_pkg/interfaces_pkg/msg/detail/basket_status__type_support.h
[12.762s] -- Installing: /home/fivejaewin/NILARM/install/interfaces_pkg/include/interfaces_pkg/interfaces_pkg/msg/detail/fruit_detection__functions.h
[12.762s] -- Installing: /home/fivejaewin/NILARM/install/interfaces_pkg/include/interfaces_pkg/interfaces_pkg/msg/detail/fruit_detection__type_support.c
[12.762s] -- Installing: /home/fivejaewin/NILARM/install/interfaces_pkg/include/interfaces_pkg/interfaces_pkg/msg/detail/fruit_detection__functions.c
[12.762s] -- Installing: /home/fivejaewin/NILARM/install/interfaces_pkg/include/interfaces_pkg/interfaces_pkg/msg/detail/fruit_detection__type_support.h
[12.763s] -- Installing: /home/fivejaewin/NILARM/install/interfaces_pkg/include/interfaces_pkg/interfaces_pkg/msg/fruit_detection.h
[12.763s] -- Installing: /home/fivejaewin/NILARM/install/interfaces_pkg/include/interfaces_pkg/interfaces_pkg/msg/mission_state.h
[12.763s] -- Installing: /home/fivejaewin/NILARM/install/interfaces_pkg/include/interfaces_pkg/interfaces_pkg/msg/basket_status.h
[12.763s] -- Installing: /home/fivejaewin/NILARM/install/interfaces_pkg/include/interfaces_pkg/interfaces_pkg/msg/rosidl_generator_c__visibility_control.h
[12.763s] -- Installing: /home/fivejaewin/NILARM/install/interfaces_pkg/include/interfaces_pkg/interfaces_pkg/action
[12.763s] -- Installing: /home/fivejaewin/NILARM/install/interfaces_pkg/include/interfaces_pkg/interfaces_pkg/action/harvest.h
[12.763s] -- Installing: /home/fivejaewin/NILARM/install/interfaces_pkg/include/interfaces_pkg/interfaces_pkg/action/detail
[12.763s] -- Installing: /home/fivejaewin/NILARM/install/interfaces_pkg/include/interfaces_pkg/interfaces_pkg/action/detail/harvest__struct.h
[12.763s] -- Installing: /home/fivejaewin/NILARM/install/interfaces_pkg/include/interfaces_pkg/interfaces_pkg/action/detail/dump_basket__functions.c
[12.764s] -- Installing: /home/fivejaewin/NILARM/install/interfaces_pkg/include/interfaces_pkg/interfaces_pkg/action/detail/harvest__functions.c
[12.764s] -- Installing: /home/fivejaewin/NILARM/install/interfaces_pkg/include/interfaces_pkg/interfaces_pkg/action/detail/harvest__type_support.h
[12.764s] -- Installing: /home/fivejaewin/NILARM/install/interfaces_pkg/include/interfaces_pkg/interfaces_pkg/action/detail/dump_basket__type_support.c
[12.764s] -- Installing: /home/fivejaewin/NILARM/install/interfaces_pkg/include/interfaces_pkg/interfaces_pkg/action/detail/dump_basket__struct.h
[12.764s] -- Installing: /home/fivejaewin/NILARM/install/interfaces_pkg/include/interfaces_pkg/interfaces_pkg/action/detail/dump_basket__type_support.h
[12.764s] -- Installing: /home/fivejaewin/NILARM/install/interfaces_pkg/include/interfaces_pkg/interfaces_pkg/action/detail/dump_basket__description.c
[12.764s] -- Installing: /home/fivejaewin/NILARM/install/interfaces_pkg/include/interfaces_pkg/interfaces_pkg/action/detail/harvest__functions.h
[12.764s] -- Installing: /home/fivejaewin/NILARM/install/interfaces_pkg/include/interfaces_pkg/interfaces_pkg/action/detail/dump_basket__functions.h
[12.765s] -- Installing: /home/fivejaewin/NILARM/install/interfaces_pkg/include/interfaces_pkg/interfaces_pkg/action/detail/harvest__description.c
[12.765s] -- Installing: /home/fivejaewin/NILARM/install/interfaces_pkg/include/interfaces_pkg/interfaces_pkg/action/detail/harvest__type_support.c
[12.765s] -- Installing: /home/fivejaewin/NILARM/install/interfaces_pkg/include/interfaces_pkg/interfaces_pkg/action/dump_basket.h
[12.765s] -- Installing: /home/fivejaewin/NILARM/install/interfaces_pkg/share/interfaces_pkg/environment/library_path.sh
[12.765s] -- Installing: /home/fivejaewin/NILARM/install/interfaces_pkg/share/interfaces_pkg/environment/library_path.dsv
[12.765s] -- Installing: /home/fivejaewin/NILARM/install/interfaces_pkg/lib/libinterfaces_pkg__rosidl_generator_c.so
[12.765s] -- Set non-toolchain portion of runtime path of "/home/fivejaewin/NILARM/install/interfaces_pkg/lib/libinterfaces_pkg__rosidl_generator_c.so" to ""
[12.765s] -- Up-to-date: /home/fivejaewin/NILARM/install/interfaces_pkg/include/interfaces_pkg/interfaces_pkg
[12.765s] -- Up-to-date: /home/fivejaewin/NILARM/install/interfaces_pkg/include/interfaces_pkg/interfaces_pkg/msg
[12.766s] -- Up-to-date: /home/fivejaewin/NILARM/install/interfaces_pkg/include/interfaces_pkg/interfaces_pkg/msg/detail
[12.766s] -- Installing: /home/fivejaewin/NILARM/install/interfaces_pkg/include/interfaces_pkg/interfaces_pkg/msg/detail/basket_status__rosidl_typesupport_fastrtps_c.h
[12.766s] -- Installing: /home/fivejaewin/NILARM/install/interfaces_pkg/include/interfaces_pkg/interfaces_pkg/msg/detail/fruit_detection__rosidl_typesupport_fastrtps_c.h
[12.766s] -- Installing: /home/fivejaewin/NILARM/install/interfaces_pkg/include/interfaces_pkg/interfaces_pkg/msg/detail/mission_state__rosidl_typesupport_fastrtps_c.h
[12.766s] -- Installing: /home/fivejaewin/NILARM/install/interfaces_pkg/include/interfaces_pkg/interfaces_pkg/msg/rosidl_typesupport_fastrtps_c__visibility_control.h
[12.766s] -- Up-to-date: /home/fivejaewin/NILARM/install/interfaces_pkg/include/interfaces_pkg/interfaces_pkg/action
[12.766s] -- Up-to-date: /home/fivejaewin/NILARM/install/interfaces_pkg/include/interfaces_pkg/interfaces_pkg/action/detail
[12.766s] -- Installing: /home/fivejaewin/NILARM/install/interfaces_pkg/include/interfaces_pkg/interfaces_pkg/action/detail/dump_basket__rosidl_typesupport_fastrtps_c.h
[12.766s] -- Installing: /home/fivejaewin/NILARM/install/interfaces_pkg/include/interfaces_pkg/interfaces_pkg/action/detail/harvest__rosidl_typesupport_fastrtps_c.h
[12.767s] -- Installing: /home/fivejaewin/NILARM/install/interfaces_pkg/lib/libinterfaces_pkg__rosidl_typesupport_fastrtps_c.so
[12.767s] -- Set non-toolchain portion of runtime path of "/home/fivejaewin/NILARM/install/interfaces_pkg/lib/libinterfaces_pkg__rosidl_typesupport_fastrtps_c.so" to ""
[12.767s] -- Up-to-date: /home/fivejaewin/NILARM/install/interfaces_pkg/include/interfaces_pkg/interfaces_pkg
[12.767s] -- Up-to-date: /home/fivejaewin/NILARM/install/interfaces_pkg/include/interfaces_pkg/interfaces_pkg/msg
[12.767s] -- Up-to-date: /home/fivejaewin/NILARM/install/interfaces_pkg/include/interfaces_pkg/interfaces_pkg/msg/detail
[12.767s] -- Installing: /home/fivejaewin/NILARM/install/interfaces_pkg/include/interfaces_pkg/interfaces_pkg/msg/detail/basket_status__type_support.c
[12.767s] -- Installing: /home/fivejaewin/NILARM/install/interfaces_pkg/include/interfaces_pkg/interfaces_pkg/msg/detail/mission_state__type_support.c
[12.767s] -- Installing: /home/fivejaewin/NILARM/install/interfaces_pkg/include/interfaces_pkg/interfaces_pkg/msg/detail/basket_status__rosidl_typesupport_introspection_c.h
[12.768s] -- Installing: /home/fivejaewin/NILARM/install/interfaces_pkg/include/interfaces_pkg/interfaces_pkg/msg/detail/fruit_detection__type_support.c
[12.768s] -- Installing: /home/fivejaewin/NILARM/install/interfaces_pkg/include/interfaces_pkg/interfaces_pkg/msg/detail/fruit_detection__rosidl_typesupport_introspection_c.h
[12.768s] -- Installing: /home/fivejaewin/NILARM/install/interfaces_pkg/include/interfaces_pkg/interfaces_pkg/msg/detail/mission_state__rosidl_typesupport_introspection_c.h
[12.768s] -- Installing: /home/fivejaewin/NILARM/install/interfaces_pkg/include/interfaces_pkg/interfaces_pkg/msg/rosidl_typesupport_introspection_c__visibility_control.h
[12.768s] -- Up-to-date: /home/fivejaewin/NILARM/install/interfaces_pkg/include/interfaces_pkg/interfaces_pkg/action
[12.768s] -- Up-to-date: /home/fivejaewin/NILARM/install/interfaces_pkg/include/interfaces_pkg/interfaces_pkg/action/detail
[12.768s] -- Installing: /home/fivejaewin/NILARM/install/interfaces_pkg/include/interfaces_pkg/interfaces_pkg/action/detail/harvest__rosidl_typesupport_introspection_c.h
[12.768s] -- Installing: /home/fivejaewin/NILARM/install/interfaces_pkg/include/interfaces_pkg/interfaces_pkg/action/detail/dump_basket__type_support.c
[12.769s] -- Installing: /home/fivejaewin/NILARM/install/interfaces_pkg/include/interfaces_pkg/interfaces_pkg/action/detail/dump_basket__rosidl_typesupport_introspection_c.h
[12.769s] -- Installing: /home/fivejaewin/NILARM/install/interfaces_pkg/include/interfaces_pkg/interfaces_pkg/action/detail/harvest__type_support.c
[12.769s] -- Installing: /home/fivejaewin/NILARM/install/interfaces_pkg/lib/libinterfaces_pkg__rosidl_typesupport_introspection_c.so
[12.769s] -- Set non-toolchain portion of runtime path of "/home/fivejaewin/NILARM/install/interfaces_pkg/lib/libinterfaces_pkg__rosidl_typesupport_introspection_c.so" to ""
[12.769s] -- Installing: /home/fivejaewin/NILARM/install/interfaces_pkg/lib/libinterfaces_pkg__rosidl_typesupport_c.so
[12.769s] -- Set non-toolchain portion of runtime path of "/home/fivejaewin/NILARM/install/interfaces_pkg/lib/libinterfaces_pkg__rosidl_typesupport_c.so" to ""
[12.769s] -- Up-to-date: /home/fivejaewin/NILARM/install/interfaces_pkg/include/interfaces_pkg/interfaces_pkg
[12.769s] -- Up-to-date: /home/fivejaewin/NILARM/install/interfaces_pkg/include/interfaces_pkg/interfaces_pkg/msg
[12.769s] -- Up-to-date: /home/fivejaewin/NILARM/install/interfaces_pkg/include/interfaces_pkg/interfaces_pkg/msg/detail
[12.770s] -- Installing: /home/fivejaewin/NILARM/install/interfaces_pkg/include/interfaces_pkg/interfaces_pkg/msg/detail/basket_status__builder.hpp
[12.770s] -- Installing: /home/fivejaewin/NILARM/install/interfaces_pkg/include/interfaces_pkg/interfaces_pkg/msg/detail/fruit_detection__type_support.hpp
[12.770s] -- Installing: /home/fivejaewin/NILARM/install/interfaces_pkg/include/interfaces_pkg/interfaces_pkg/msg/detail/fruit_detection__traits.hpp
[12.770s] -- Installing: /home/fivejaewin/NILARM/install/interfaces_pkg/include/interfaces_pkg/interfaces_pkg/msg/detail/mission_state__type_support.hpp
[12.770s] -- Installing: /home/fivejaewin/NILARM/install/interfaces_pkg/include/interfaces_pkg/interfaces_pkg/msg/detail/mission_state__builder.hpp
[12.770s] -- Installing: /home/fivejaewin/NILARM/install/interfaces_pkg/include/interfaces_pkg/interfaces_pkg/msg/detail/mission_state__struct.hpp
[12.770s] -- Installing: /home/fivejaewin/NILARM/install/interfaces_pkg/include/interfaces_pkg/interfaces_pkg/msg/detail/fruit_detection__builder.hpp
[12.770s] -- Installing: /home/fivejaewin/NILARM/install/interfaces_pkg/include/interfaces_pkg/interfaces_pkg/msg/detail/fruit_detection__struct.hpp
[12.770s] -- Installing: /home/fivejaewin/NILARM/install/interfaces_pkg/include/interfaces_pkg/interfaces_pkg/msg/detail/basket_status__struct.hpp
[12.771s] -- Installing: /home/fivejaewin/NILARM/install/interfaces_pkg/include/interfaces_pkg/interfaces_pkg/msg/detail/basket_status__traits.hpp
[12.771s] -- Installing: /home/fivejaewin/NILARM/install/interfaces_pkg/include/interfaces_pkg/interfaces_pkg/msg/detail/basket_status__type_support.hpp
[12.771s] -- Installing: /home/fivejaewin/NILARM/install/interfaces_pkg/include/interfaces_pkg/interfaces_pkg/msg/detail/mission_state__traits.hpp
[12.771s] -- Installing: /home/fivejaewin/NILARM/install/interfaces_pkg/include/interfaces_pkg/interfaces_pkg/msg/rosidl_generator_cpp__visibility_control.hpp
[12.771s] -- Installing: /home/fivejaewin/NILARM/install/interfaces_pkg/include/interfaces_pkg/interfaces_pkg/msg/mission_state.hpp
[12.771s] -- Installing: /home/fivejaewin/NILARM/install/interfaces_pkg/include/interfaces_pkg/interfaces_pkg/msg/fruit_detection.hpp
[12.771s] -- Installing: /home/fivejaewin/NILARM/install/interfaces_pkg/include/interfaces_pkg/interfaces_pkg/msg/basket_status.hpp
[12.771s] -- Up-to-date: /home/fivejaewin/NILARM/install/interfaces_pkg/include/interfaces_pkg/interfaces_pkg/action
[12.771s] -- Up-to-date: /home/fivejaewin/NILARM/install/interfaces_pkg/include/interfaces_pkg/interfaces_pkg/action/detail
[12.772s] -- Installing: /home/fivejaewin/NILARM/install/interfaces_pkg/include/interfaces_pkg/interfaces_pkg/action/detail/dump_basket__traits.hpp
[12.772s] -- Installing: /home/fivejaewin/NILARM/install/interfaces_pkg/include/interfaces_pkg/interfaces_pkg/action/detail/dump_basket__builder.hpp
[12.772s] -- Installing: /home/fivejaewin/NILARM/install/interfaces_pkg/include/interfaces_pkg/interfaces_pkg/action/detail/harvest__traits.hpp
[12.772s] -- Installing: /home/fivejaewin/NILARM/install/interfaces_pkg/include/interfaces_pkg/interfaces_pkg/action/detail/harvest__type_support.hpp
[12.772s] -- Installing: /home/fivejaewin/NILARM/install/interfaces_pkg/include/interfaces_pkg/interfaces_pkg/action/detail/dump_basket__struct.hpp
[12.772s] -- Installing: /home/fivejaewin/NILARM/install/interfaces_pkg/include/interfaces_pkg/interfaces_pkg/action/detail/harvest__struct.hpp
[12.772s] -- Installing: /home/fivejaewin/NILARM/install/interfaces_pkg/include/interfaces_pkg/interfaces_pkg/action/detail/dump_basket__type_support.hpp
[12.772s] -- Installing: /home/fivejaewin/NILARM/install/interfaces_pkg/include/interfaces_pkg/interfaces_pkg/action/detail/harvest__builder.hpp
[12.773s] -- Installing: /home/fivejaewin/NILARM/install/interfaces_pkg/include/interfaces_pkg/interfaces_pkg/action/dump_basket.hpp
[12.773s] -- Installing: /home/fivejaewin/NILARM/install/interfaces_pkg/include/interfaces_pkg/interfaces_pkg/action/harvest.hpp
[12.773s] -- Up-to-date: /home/fivejaewin/NILARM/install/interfaces_pkg/include/interfaces_pkg/interfaces_pkg
[12.773s] -- Up-to-date: /home/fivejaewin/NILARM/install/interfaces_pkg/include/interfaces_pkg/interfaces_pkg/msg
[12.773s] -- Up-to-date: /home/fivejaewin/NILARM/install/interfaces_pkg/include/interfaces_pkg/interfaces_pkg/msg/detail
[12.773s] -- Installing: /home/fivejaewin/NILARM/install/interfaces_pkg/include/interfaces_pkg/interfaces_pkg/msg/detail/fruit_detection__rosidl_typesupport_fastrtps_cpp.hpp
[12.773s] -- Installing: /home/fivejaewin/NILARM/install/interfaces_pkg/include/interfaces_pkg/interfaces_pkg/msg/detail/dds_fastrtps
[12.773s] -- Installing: /home/fivejaewin/NILARM/install/interfaces_pkg/include/interfaces_pkg/interfaces_pkg/msg/detail/mission_state__rosidl_typesupport_fastrtps_cpp.hpp
[12.773s] -- Installing: /home/fivejaewin/NILARM/install/interfaces_pkg/include/interfaces_pkg/interfaces_pkg/msg/detail/basket_status__rosidl_typesupport_fastrtps_cpp.hpp
[12.773s] -- Installing: /home/fivejaewin/NILARM/install/interfaces_pkg/include/interfaces_pkg/interfaces_pkg/msg/rosidl_typesupport_fastrtps_cpp__visibility_control.h
[12.774s] -- Up-to-date: /home/fivejaewin/NILARM/install/interfaces_pkg/include/interfaces_pkg/interfaces_pkg/action
[12.774s] -- Up-to-date: /home/fivejaewin/NILARM/install/interfaces_pkg/include/interfaces_pkg/interfaces_pkg/action/detail
[12.774s] -- Installing: /home/fivejaewin/NILARM/install/interfaces_pkg/include/interfaces_pkg/interfaces_pkg/action/detail/dump_basket__rosidl_typesupport_fastrtps_cpp.hpp
[12.774s] -- Installing: /home/fivejaewin/NILARM/install/interfaces_pkg/include/interfaces_pkg/interfaces_pkg/action/detail/harvest__rosidl_typesupport_fastrtps_cpp.hpp
[12.774s] -- Installing: /home/fivejaewin/NILARM/install/interfaces_pkg/include/interfaces_pkg/interfaces_pkg/action/detail/dds_fastrtps
[12.774s] -- Installing: /home/fivejaewin/NILARM/install/interfaces_pkg/lib/libinterfaces_pkg__rosidl_typesupport_fastrtps_cpp.so
[12.774s] -- Set non-toolchain portion of runtime path of "/home/fivejaewin/NILARM/install/interfaces_pkg/lib/libinterfaces_pkg__rosidl_typesupport_fastrtps_cpp.so" to ""
[12.774s] -- Up-to-date: /home/fivejaewin/NILARM/install/interfaces_pkg/include/interfaces_pkg/interfaces_pkg
[12.775s] -- Up-to-date: /home/fivejaewin/NILARM/install/interfaces_pkg/include/interfaces_pkg/interfaces_pkg/msg
[12.775s] -- Up-to-date: /home/fivejaewin/NILARM/install/interfaces_pkg/include/interfaces_pkg/interfaces_pkg/msg/detail
[12.775s] -- Installing: /home/fivejaewin/NILARM/install/interfaces_pkg/include/interfaces_pkg/interfaces_pkg/msg/detail/fruit_detection__type_support.cpp
[12.775s] -- Installing: /home/fivejaewin/NILARM/install/interfaces_pkg/include/interfaces_pkg/interfaces_pkg/msg/detail/basket_status__type_support.cpp
[12.775s] -- Installing: /home/fivejaewin/NILARM/install/interfaces_pkg/include/interfaces_pkg/interfaces_pkg/msg/detail/mission_state__type_support.cpp
[12.775s] -- Installing: /home/fivejaewin/NILARM/install/interfaces_pkg/include/interfaces_pkg/interfaces_pkg/msg/detail/fruit_detection__rosidl_typesupport_introspection_cpp.hpp
[12.775s] -- Installing: /home/fivejaewin/NILARM/install/interfaces_pkg/include/interfaces_pkg/interfaces_pkg/msg/detail/basket_status__rosidl_typesupport_introspection_cpp.hpp
[12.775s] -- Installing: /home/fivejaewin/NILARM/install/interfaces_pkg/include/interfaces_pkg/interfaces_pkg/msg/detail/mission_state__rosidl_typesupport_introspection_cpp.hpp
[12.775s] -- Up-to-date: /home/fivejaewin/NILARM/install/interfaces_pkg/include/interfaces_pkg/interfaces_pkg/action
[12.776s] -- Up-to-date: /home/fivejaewin/NILARM/install/interfaces_pkg/include/interfaces_pkg/interfaces_pkg/action/detail
[12.776s] -- Installing: /home/fivejaewin/NILARM/install/interfaces_pkg/include/interfaces_pkg/interfaces_pkg/action/detail/dump_basket__type_support.cpp
[12.776s] -- Installing: /home/fivejaewin/NILARM/install/interfaces_pkg/include/interfaces_pkg/interfaces_pkg/action/detail/harvest__rosidl_typesupport_introspection_cpp.hpp
[12.776s] -- Installing: /home/fivejaewin/NILARM/install/interfaces_pkg/include/interfaces_pkg/interfaces_pkg/action/detail/dump_basket__rosidl_typesupport_introspection_cpp.hpp
[12.776s] -- Installing: /home/fivejaewin/NILARM/install/interfaces_pkg/include/interfaces_pkg/interfaces_pkg/action/detail/harvest__type_support.cpp
[12.776s] -- Installing: /home/fivejaewin/NILARM/install/interfaces_pkg/lib/libinterfaces_pkg__rosidl_typesupport_introspection_cpp.so
[12.776s] -- Set non-toolchain portion of runtime path of "/home/fivejaewin/NILARM/install/interfaces_pkg/lib/libinterfaces_pkg__rosidl_typesupport_introspection_cpp.so" to ""
[12.776s] -- Installing: /home/fivejaewin/NILARM/install/interfaces_pkg/lib/libinterfaces_pkg__rosidl_typesupport_cpp.so
[12.776s] -- Set non-toolchain portion of runtime path of "/home/fivejaewin/NILARM/install/interfaces_pkg/lib/libinterfaces_pkg__rosidl_typesupport_cpp.so" to ""
[12.777s] -- Installing: /home/fivejaewin/NILARM/install/interfaces_pkg/share/interfaces_pkg/environment/pythonpath.sh
[12.777s] -- Installing: /home/fivejaewin/NILARM/install/interfaces_pkg/share/interfaces_pkg/environment/pythonpath.dsv
[12.777s] -- Installing: /home/fivejaewin/NILARM/install/interfaces_pkg/lib/python3.12/site-packages/interfaces_pkg-0.0.1-py3.12.egg-info
[12.777s] -- Installing: /home/fivejaewin/NILARM/install/interfaces_pkg/lib/python3.12/site-packages/interfaces_pkg-0.0.1-py3.12.egg-info/PKG-INFO
[12.777s] -- Installing: /home/fivejaewin/NILARM/install/interfaces_pkg/lib/python3.12/site-packages/interfaces_pkg-0.0.1-py3.12.egg-info/top_level.txt
[12.777s] -- Installing: /home/fivejaewin/NILARM/install/interfaces_pkg/lib/python3.12/site-packages/interfaces_pkg-0.0.1-py3.12.egg-info/SOURCES.txt
[12.777s] -- Installing: /home/fivejaewin/NILARM/install/interfaces_pkg/lib/python3.12/site-packages/interfaces_pkg-0.0.1-py3.12.egg-info/dependency_links.txt
[12.777s] -- Installing: /home/fivejaewin/NILARM/install/interfaces_pkg/lib/python3.12/site-packages/interfaces_pkg
[12.777s] -- Installing: /home/fivejaewin/NILARM/install/interfaces_pkg/lib/python3.12/site-packages/interfaces_pkg/_interfaces_pkg_s.ep.rosidl_typesupport_c.c
[12.777s] -- Installing: /home/fivejaewin/NILARM/install/interfaces_pkg/lib/python3.12/site-packages/interfaces_pkg/interfaces_pkg_s__rosidl_typesupport_introspection_c.so
[12.777s] -- Installing: /home/fivejaewin/NILARM/install/interfaces_pkg/lib/python3.12/site-packages/interfaces_pkg/msg
[12.778s] -- Installing: /home/fivejaewin/NILARM/install/interfaces_pkg/lib/python3.12/site-packages/interfaces_pkg/msg/_mission_state_s.c
[12.778s] -- Installing: /home/fivejaewin/NILARM/install/interfaces_pkg/lib/python3.12/site-packages/interfaces_pkg/msg/_fruit_detection_s.c
[12.778s] -- Installing: /home/fivejaewin/NILARM/install/interfaces_pkg/lib/python3.12/site-packages/interfaces_pkg/msg/_basket_status.py
[12.778s] -- Installing: /home/fivejaewin/NILARM/install/interfaces_pkg/lib/python3.12/site-packages/interfaces_pkg/msg/__init__.py
[12.778s] -- Installing: /home/fivejaewin/NILARM/install/interfaces_pkg/lib/python3.12/site-packages/interfaces_pkg/msg/_fruit_detection.py
[12.778s] -- Installing: /home/fivejaewin/NILARM/install/interfaces_pkg/lib/python3.12/site-packages/interfaces_pkg/msg/_basket_status_s.c
[12.778s] -- Installing: /home/fivejaewin/NILARM/install/interfaces_pkg/lib/python3.12/site-packages/interfaces_pkg/msg/_mission_state.py
[12.778s] -- Installing: /home/fivejaewin/NILARM/install/interfaces_pkg/lib/python3.12/site-packages/interfaces_pkg/interfaces_pkg_s__rosidl_typesupport_fastrtps_c.so
[12.778s] -- Installing: /home/fivejaewin/NILARM/install/interfaces_pkg/lib/python3.12/site-packages/interfaces_pkg/__init__.py
[12.778s] -- Installing: /home/fivejaewin/NILARM/install/interfaces_pkg/lib/python3.12/site-packages/interfaces_pkg/action
[12.778s] -- Installing: /home/fivejaewin/NILARM/install/interfaces_pkg/lib/python3.12/site-packages/interfaces_pkg/action/_dump_basket.py
[12.778s] -- Installing: /home/fivejaewin/NILARM/install/interfaces_pkg/lib/python3.12/site-packages/interfaces_pkg/action/_harvest.py
[12.779s] -- Installing: /home/fivejaewin/NILARM/install/interfaces_pkg/lib/python3.12/site-packages/interfaces_pkg/action/_harvest_s.c
[12.779s] -- Installing: /home/fivejaewin/NILARM/install/interfaces_pkg/lib/python3.12/site-packages/interfaces_pkg/action/__init__.py
[12.779s] -- Installing: /home/fivejaewin/NILARM/install/interfaces_pkg/lib/python3.12/site-packages/interfaces_pkg/action/_dump_basket_s.c
[12.779s] -- Installing: /home/fivejaewin/NILARM/install/interfaces_pkg/lib/python3.12/site-packages/interfaces_pkg/_interfaces_pkg_s.ep.rosidl_typesupport_introspection_c.c
[12.779s] -- Installing: /home/fivejaewin/NILARM/install/interfaces_pkg/lib/python3.12/site-packages/interfaces_pkg/interfaces_pkg_s__rosidl_typesupport_c.so
[12.779s] -- Installing: /home/fivejaewin/NILARM/install/interfaces_pkg/lib/python3.12/site-packages/interfaces_pkg/_interfaces_pkg_s.ep.rosidl_typesupport_fastrtps_c.c
[12.855s] Listing '/home/fivejaewin/NILARM/install/interfaces_pkg/lib/python3.12/site-packages/interfaces_pkg'...
[12.855s] Compiling '/home/fivejaewin/NILARM/install/interfaces_pkg/lib/python3.12/site-packages/interfaces_pkg/__init__.py'...
[12.855s] Listing '/home/fivejaewin/NILARM/install/interfaces_pkg/lib/python3.12/site-packages/interfaces_pkg/action'...
[12.855s] Compiling '/home/fivejaewin/NILARM/install/interfaces_pkg/lib/python3.12/site-packages/interfaces_pkg/action/__init__.py'...
[12.855s] Compiling '/home/fivejaewin/NILARM/install/interfaces_pkg/lib/python3.12/site-packages/interfaces_pkg/action/_dump_basket.py'...
[12.855s] Compiling '/home/fivejaewin/NILARM/install/interfaces_pkg/lib/python3.12/site-packages/interfaces_pkg/action/_harvest.py'...
[12.856s] Listing '/home/fivejaewin/NILARM/install/interfaces_pkg/lib/python3.12/site-packages/interfaces_pkg/msg'...
[12.856s] Compiling '/home/fivejaewin/NILARM/install/interfaces_pkg/lib/python3.12/site-packages/interfaces_pkg/msg/__init__.py'...
[12.856s] Compiling '/home/fivejaewin/NILARM/install/interfaces_pkg/lib/python3.12/site-packages/interfaces_pkg/msg/_basket_status.py'...
[12.856s] Compiling '/home/fivejaewin/NILARM/install/interfaces_pkg/lib/python3.12/site-packages/interfaces_pkg/msg/_fruit_detection.py'...
[12.856s] Compiling '/home/fivejaewin/NILARM/install/interfaces_pkg/lib/python3.12/site-packages/interfaces_pkg/msg/_mission_state.py'...
[12.863s] -- Installing: /home/fivejaewin/NILARM/install/interfaces_pkg/lib/python3.12/site-packages/interfaces_pkg/interfaces_pkg_s__rosidl_typesupport_fastrtps_c.so
[12.864s] -- Set non-toolchain portion of runtime path of "/home/fivejaewin/NILARM/install/interfaces_pkg/lib/python3.12/site-packages/interfaces_pkg/interfaces_pkg_s__rosidl_typesupport_fastrtps_c.so" to ""
[12.866s] -- Installing: /home/fivejaewin/NILARM/install/interfaces_pkg/lib/python3.12/site-packages/interfaces_pkg/interfaces_pkg_s__rosidl_typesupport_introspection_c.so
[12.866s] -- Set non-toolchain portion of runtime path of "/home/fivejaewin/NILARM/install/interfaces_pkg/lib/python3.12/site-packages/interfaces_pkg/interfaces_pkg_s__rosidl_typesupport_introspection_c.so" to ""
[12.866s] -- Installing: /home/fivejaewin/NILARM/install/interfaces_pkg/lib/python3.12/site-packages/interfaces_pkg/interfaces_pkg_s__rosidl_typesupport_c.so
[12.866s] -- Set non-toolchain portion of runtime path of "/home/fivejaewin/NILARM/install/interfaces_pkg/lib/python3.12/site-packages/interfaces_pkg/interfaces_pkg_s__rosidl_typesupport_c.so" to ""
[12.866s] -- Installing: /home/fivejaewin/NILARM/install/interfaces_pkg/lib/libinterfaces_pkg__rosidl_generator_py.so
[12.867s] -- Set non-toolchain portion of runtime path of "/home/fivejaewin/NILARM/install/interfaces_pkg/lib/libinterfaces_pkg__rosidl_generator_py.so" to ""
[12.867s] -- Installing: /home/fivejaewin/NILARM/install/interfaces_pkg/share/ament_index/resource_index/rust_packages/interfaces_pkg
[12.867s] -- Installing: /home/fivejaewin/NILARM/install/interfaces_pkg/share/interfaces_pkg/rust
[12.867s] -- Installing: /home/fivejaewin/NILARM/install/interfaces_pkg/share/interfaces_pkg/rust/src
[12.868s] -- Installing: /home/fivejaewin/NILARM/install/interfaces_pkg/share/interfaces_pkg/rust/src/msg.rs
[12.868s] -- Installing: /home/fivejaewin/NILARM/install/interfaces_pkg/share/interfaces_pkg/rust/src/lib.rs
[12.868s] -- Installing: /home/fivejaewin/NILARM/install/interfaces_pkg/share/interfaces_pkg/rust/src/action.rs
[12.868s] -- Installing: /home/fivejaewin/NILARM/install/interfaces_pkg/share/interfaces_pkg/rust/src/msg
[12.868s] -- Installing: /home/fivejaewin/NILARM/install/interfaces_pkg/share/interfaces_pkg/rust/src/msg/rmw.rs
[12.868s] -- Installing: /home/fivejaewin/NILARM/install/interfaces_pkg/share/interfaces_pkg/rust/src/action
[12.868s] -- Installing: /home/fivejaewin/NILARM/install/interfaces_pkg/share/interfaces_pkg/rust/src/action/rmw.rs
[12.868s] -- Installing: /home/fivejaewin/NILARM/install/interfaces_pkg/share/interfaces_pkg/rust/build.rs
[12.868s] -- Installing: /home/fivejaewin/NILARM/install/interfaces_pkg/share/interfaces_pkg/rust/Cargo.toml
[12.868s] -- Installing: /home/fivejaewin/NILARM/install/interfaces_pkg/share/interfaces_pkg/msg/FruitDetection.idl
[12.868s] -- Installing: /home/fivejaewin/NILARM/install/interfaces_pkg/share/interfaces_pkg/msg/BasketStatus.idl
[12.868s] -- Installing: /home/fivejaewin/NILARM/install/interfaces_pkg/share/interfaces_pkg/msg/MissionState.idl
[12.868s] -- Installing: /home/fivejaewin/NILARM/install/interfaces_pkg/share/interfaces_pkg/action/Harvest.idl
[12.869s] -- Installing: /home/fivejaewin/NILARM/install/interfaces_pkg/share/interfaces_pkg/action/DumpBasket.idl
[12.869s] -- Installing: /home/fivejaewin/NILARM/install/interfaces_pkg/share/interfaces_pkg/msg/FruitDetection.msg
[12.869s] -- Installing: /home/fivejaewin/NILARM/install/interfaces_pkg/share/interfaces_pkg/msg/BasketStatus.msg
[12.869s] -- Installing: /home/fivejaewin/NILARM/install/interfaces_pkg/share/interfaces_pkg/msg/MissionState.msg
[12.869s] -- Installing: /home/fivejaewin/NILARM/install/interfaces_pkg/share/interfaces_pkg/action/Harvest.action
[12.869s] -- Installing: /home/fivejaewin/NILARM/install/interfaces_pkg/share/interfaces_pkg/action/DumpBasket.action
[12.869s] -- Installing: /home/fivejaewin/NILARM/install/interfaces_pkg/share/ament_index/resource_index/package_run_dependencies/interfaces_pkg
[12.869s] -- Installing: /home/fivejaewin/NILARM/install/interfaces_pkg/share/ament_index/resource_index/parent_prefix_path/interfaces_pkg
[12.869s] -- Installing: /home/fivejaewin/NILARM/install/interfaces_pkg/share/interfaces_pkg/environment/ament_prefix_path.sh
[12.869s] -- Installing: /home/fivejaewin/NILARM/install/interfaces_pkg/share/interfaces_pkg/environment/ament_prefix_path.dsv
[12.869s] -- Installing: /home/fivejaewin/NILARM/install/interfaces_pkg/share/interfaces_pkg/environment/path.sh
[12.869s] -- Installing: /home/fivejaewin/NILARM/install/interfaces_pkg/share/interfaces_pkg/environment/path.dsv
[12.869s] -- Installing: /home/fivejaewin/NILARM/install/interfaces_pkg/share/interfaces_pkg/local_setup.bash
[12.870s] -- Installing: /home/fivejaewin/NILARM/install/interfaces_pkg/share/interfaces_pkg/local_setup.sh
[12.870s] -- Installing: /home/fivejaewin/NILARM/install/interfaces_pkg/share/interfaces_pkg/local_setup.zsh
[12.870s] -- Installing: /home/fivejaewin/NILARM/install/interfaces_pkg/share/interfaces_pkg/local_setup.dsv
[12.870s] -- Installing: /home/fivejaewin/NILARM/install/interfaces_pkg/share/interfaces_pkg/package.dsv
[12.870s] -- Installing: /home/fivejaewin/NILARM/install/interfaces_pkg/share/ament_index/resource_index/packages/interfaces_pkg
[12.870s] -- Installing: /home/fivejaewin/NILARM/install/interfaces_pkg/share/interfaces_pkg/cmake/export_interfaces_pkg__rosidl_generator_cExport.cmake
[12.870s] -- Installing: /home/fivejaewin/NILARM/install/interfaces_pkg/share/interfaces_pkg/cmake/export_interfaces_pkg__rosidl_generator_cExport-noconfig.cmake
[12.870s] -- Installing: /home/fivejaewin/NILARM/install/interfaces_pkg/share/interfaces_pkg/cmake/export_interfaces_pkg__rosidl_typesupport_fastrtps_cExport.cmake
[12.870s] -- Installing: /home/fivejaewin/NILARM/install/interfaces_pkg/share/interfaces_pkg/cmake/export_interfaces_pkg__rosidl_typesupport_fastrtps_cExport-noconfig.cmake
[12.870s] -- Installing: /home/fivejaewin/NILARM/install/interfaces_pkg/share/interfaces_pkg/cmake/interfaces_pkg__rosidl_typesupport_introspection_cExport.cmake
[12.870s] -- Installing: /home/fivejaewin/NILARM/install/interfaces_pkg/share/interfaces_pkg/cmake/interfaces_pkg__rosidl_typesupport_introspection_cExport-noconfig.cmake
[12.870s] -- Installing: /home/fivejaewin/NILARM/install/interfaces_pkg/share/interfaces_pkg/cmake/interfaces_pkg__rosidl_typesupport_cExport.cmake
[12.871s] -- Installing: /home/fivejaewin/NILARM/install/interfaces_pkg/share/interfaces_pkg/cmake/interfaces_pkg__rosidl_typesupport_cExport-noconfig.cmake
[12.871s] -- Installing: /home/fivejaewin/NILARM/install/interfaces_pkg/share/interfaces_pkg/cmake/export_interfaces_pkg__rosidl_generator_cppExport.cmake
[12.871s] -- Installing: /home/fivejaewin/NILARM/install/interfaces_pkg/share/interfaces_pkg/cmake/export_interfaces_pkg__rosidl_typesupport_fastrtps_cppExport.cmake
[12.871s] -- Installing: /home/fivejaewin/NILARM/install/interfaces_pkg/share/interfaces_pkg/cmake/export_interfaces_pkg__rosidl_typesupport_fastrtps_cppExport-noconfig.cmake
[12.871s] -- Installing: /home/fivejaewin/NILARM/install/interfaces_pkg/share/interfaces_pkg/cmake/interfaces_pkg__rosidl_typesupport_introspection_cppExport.cmake
[12.871s] -- Installing: /home/fivejaewin/NILARM/install/interfaces_pkg/share/interfaces_pkg/cmake/interfaces_pkg__rosidl_typesupport_introspection_cppExport-noconfig.cmake
[12.871s] -- Installing: /home/fivejaewin/NILARM/install/interfaces_pkg/share/interfaces_pkg/cmake/interfaces_pkg__rosidl_typesupport_cppExport.cmake
[12.871s] -- Installing: /home/fivejaewin/NILARM/install/interfaces_pkg/share/interfaces_pkg/cmake/interfaces_pkg__rosidl_typesupport_cppExport-noconfig.cmake
[12.871s] -- Installing: /home/fivejaewin/NILARM/install/interfaces_pkg/share/interfaces_pkg/cmake/export_interfaces_pkg__rosidl_generator_pyExport.cmake
[12.871s] -- Installing: /home/fivejaewin/NILARM/install/interfaces_pkg/share/interfaces_pkg/cmake/export_interfaces_pkg__rosidl_generator_pyExport-noconfig.cmake
[12.871s] -- Installing: /home/fivejaewin/NILARM/install/interfaces_pkg/share/interfaces_pkg/cmake/rosidl_cmake-extras.cmake
[12.871s] -- Installing: /home/fivejaewin/NILARM/install/interfaces_pkg/share/interfaces_pkg/cmake/ament_cmake_export_dependencies-extras.cmake
[12.872s] -- Installing: /home/fivejaewin/NILARM/install/interfaces_pkg/share/interfaces_pkg/cmake/ament_cmake_export_include_directories-extras.cmake
[12.872s] -- Installing: /home/fivejaewin/NILARM/install/interfaces_pkg/share/interfaces_pkg/cmake/ament_cmake_export_libraries-extras.cmake
[12.872s] -- Installing: /home/fivejaewin/NILARM/install/interfaces_pkg/share/interfaces_pkg/cmake/ament_cmake_export_targets-extras.cmake
[12.872s] -- Installing: /home/fivejaewin/NILARM/install/interfaces_pkg/share/interfaces_pkg/cmake/rosidl_cmake_export_typesupport_targets-extras.cmake
[12.872s] -- Installing: /home/fivejaewin/NILARM/install/interfaces_pkg/share/interfaces_pkg/cmake/rosidl_cmake_export_typesupport_libraries-extras.cmake
[12.872s] -- Installing: /home/fivejaewin/NILARM/install/interfaces_pkg/share/interfaces_pkg/cmake/rosidl_cmake_aggregate_target-extras.cmake
[12.872s] -- Installing: /home/fivejaewin/NILARM/install/interfaces_pkg/share/interfaces_pkg/cmake/interfaces_pkgConfig.cmake
[12.872s] -- Installing: /home/fivejaewin/NILARM/install/interfaces_pkg/share/interfaces_pkg/cmake/interfaces_pkgConfig-version.cmake
[12.872s] -- Installing: /home/fivejaewin/NILARM/install/interfaces_pkg/share/interfaces_pkg/package.xml
[12.875s] Invoked command in '/home/fivejaewin/NILARM/build/interfaces_pkg' returned '0': CMAKE_PREFIX_PATH=${CMAKE_PREFIX_PATH}:/opt/ros/jazzy DEBUGINFOD_URLS=https://debuginfod.ubuntu.com /usr/bin/cmake --install /home/fivejaewin/NILARM/build/interfaces_pkg
